[themes.the4.co/kalles-html2/html/index.html]
[backblue.gif]
[fade.gif]
[index.html]
[themes.the4.co/kalles-html2/html/assets/images/k_favicon_32x.png]
[themes.the4.co/kalles-html2/html/assets/libs/swiper/swiper-bundle.min.css]
[themes.the4.co/kalles-html2/html/assets/libs/jarallax/jarallax.min.css]
[themes.the4.co/kalles-html2/html/assets/libs/flickity/flickity.min.css]
[themes.the4.co/kalles-html2/html/assets/css/bootstrap.min.css]
[themes.the4.co/kalles-html2/html/assets/css/icons.min.css]
[themes.the4.co/kalles-html2/html/assets/icons/font-icon.css]
[themes.the4.co/kalles-html2/html/assets/css/app.min.css]
[themes.the4.co/kalles-html2/html/shop.html]
[themes.the4.co/kalles-html2/html/assets/images/svg/usd.svg]
[themes.the4.co/kalles-html2/html/assets/images/svg/aud.svg]
[themes.the4.co/kalles-html2/html/assets/images/svg/cad.svg]
[themes.the4.co/kalles-html2/html/assets/images/svg/dkk.svg]
[themes.the4.co/kalles-html2/html/assets/images/svg/eur.svg]
[themes.the4.co/kalles-html2/html/assets/images/svg/gbp.svg]
[themes.the4.co/kalles-html2/html/assets/images/svg/hkd.svg]
[themes.the4.co/kalles-html2/html/assets/images/svg/jpy.svg]
[themes.the4.co/kalles-html2/html/assets/images/svg/nzd.svg]
[themes.the4.co/kalles-html2/html/assets/images/svg/sgd.svg]
[themes.the4.co/kalles-html2/html/assets/images/svg/kalles.svg]
[themes.the4.co/kalles-html2/html/home-classic.html]
[themes.the4.co/kalles-html2/html/home-video-banner.html]
[themes.the4.co/kalles-html2/html/home-categories-links.html]
[themes.the4.co/kalles-html2/html/home-static-image.html]
[themes.the4.co/kalles-html2/html/home-metro.html]
[themes.the4.co/kalles-html2/html/home-lookbook.html]
[themes.the4.co/kalles-html2/html/home-parallax.html]
[themes.the4.co/kalles-html2/html/home-instagram-shop.html]
[themes.the4.co/kalles-html2/html/home-medical.html]
[themes.the4.co/kalles-html2/html/home-flower.html]
[themes.the4.co/kalles-html2/html/home-furniture.html]
[themes.the4.co/kalles-html2/html/home-bag.html]
[themes.the4.co/kalles-html2/html/home-lingeries.html]
[themes.the4.co/kalles-html2/html/home-cosmetics.html]
[themes.the4.co/kalles-html2/html/home-glasses.html]
[themes.the4.co/kalles-html2/html/home-shoes.html]
[themes.the4.co/kalles-html2/html/home-default.html]
[themes.the4.co/kalles-html2/html/home-fashion9.html]
[themes.the4.co/kalles-html2/html/home-lookbook-collection.html]
[themes.the4.co/kalles-html2/html/home-fashion-simple.html]
[themes.the4.co/kalles-html2/html/home-fashion10.html]
[themes.the4.co/kalles-html2/html/home-decor.html]
[themes.the4.co/kalles-html2/html/home-decor2.html]
[themes.the4.co/kalles-html2/html/home-fashion-vertical.html]
[themes.the4.co/kalles-html2/html/home-electric.html]
[themes.the4.co/kalles-html2/html/home-electric-vertical.html]
[themes.the4.co/kalles-html2/html/home-digital.html]
[themes.the4.co/kalles-html2/html/home-one-product-store.html]
[themes.the4.co/kalles-html2/html/home-handmade.html]
[themes.the4.co/kalles-html2/html/home-fashion-trend.html]
[themes.the4.co/kalles-html2/html/home-kids.html]
[themes.the4.co/kalles-html2/html/home-sport.html]
[themes.the4.co/kalles-html2/html/home-jewelry.html]
[themes.the4.co/kalles-html2/html/home-header-01.html]
[themes.the4.co/kalles-html2/html/home-header-02.html]
[themes.the4.co/kalles-html2/html/home-header-04.html]
[themes.the4.co/kalles-html2/html/home-header-06.html]
[themes.the4.co/kalles-html2/html/shop-filter-sidebar.html]
[themes.the4.co/kalles-html2/html/home-age-verified.html]
[themes.the4.co/kalles-html2/html/shop-right-sidebar.html]
[themes.the4.co/kalles-html2/html/shop-hidden-sidebar.html]
[themes.the4.co/kalles-html2/html/checkout.html]
[themes.the4.co/kalles-html2/html/product-detail-frequently-bought-together.html]
[themes.the4.co/kalles-html2/html/product-detail-variant-images-grouped.html]
[themes.the4.co/kalles-html2/html/home-rtl.html]
[themes.the4.co/kalles-html2/html/shop-grid-list-switcher.html]
[themes.the4.co/kalles-html2/html/product-detail-pickup-availability.html]
[themes.the4.co/kalles-html2/html/shop-packery-layout.html]
[themes.the4.co/kalles-html2/html/shop-masonry-layout.html]
[themes.the4.co/kalles-html2/html/shop-full-width-layout.html]
[themes.the4.co/kalles-html2/html/shop-1600px-layout.html]
[themes.the4.co/kalles-html2/html/shop-left-sidebar.html]
[themes.the4.co/kalles-html2/html/shopping-cart.html]
[themes.the4.co/kalles-html2/html/shop-load-more.html]
[themes.the4.co/kalles-html2/html/shop-collection.html]
[themes.the4.co/kalles-html2/html/assets/images/home-classic/mega-banner-01.jpg]
[themes.the4.co/kalles-html2/html/assets/images/megamenu/bn-02.jpg]
[themes.the4.co/kalles-html2/html/product-detail-layout-01.html]
[themes.the4.co/kalles-html2/html/product-detail-layout-02.html]
[themes.the4.co/kalles-html2/html/product-detail-layout-03.html]
[themes.the4.co/kalles-html2/html/product-detail-thumb-bottom.html]
[themes.the4.co/kalles-html2/html/product-detail-thumb-right.html]
[themes.the4.co/kalles-html2/html/product-detail-without-thumbnail.html]
[themes.the4.co/kalles-html2/html/product-detail-left-sidebar.html]
[themes.the4.co/kalles-html2/html/product-detail-right-sidebar.html]
[themes.the4.co/kalles-html2/html/product-detail-sidebar-full-height.html]
[themes.the4.co/kalles-html2/html/product-detail-tab-accordion.html]
[themes.the4.co/kalles-html2/html/product-detail-full-width-atc.html]
[themes.the4.co/kalles-html2/html/product-detail-full-width.html]
[themes.the4.co/kalles-html2/html/product-detail-advance-product-type.html]
[themes.the4.co/kalles-html2/html/product-detail-external-affiliate.html]
[themes.the4.co/kalles-html2/html/product-detail-simple-product.html]
[themes.the4.co/kalles-html2/html/product-detail-grouped-product.html]
[themes.the4.co/kalles-html2/html/product-detail-description-with-product.html]
[themes.the4.co/kalles-html2/html/product-detail-description-with-instagram-shop.html]
[themes.the4.co/kalles-html2/html/product-detail-product-video.html]
[themes.the4.co/kalles-html2/html/product-detail-3d-ar-models.html]
[themes.the4.co/kalles-html2/html/product-detail-swatch-color.html]
[themes.the4.co/kalles-html2/html/product-detail-swatch-radio.html]
[themes.the4.co/kalles-html2/html/product-detail-swatch-radio-color.html]
[themes.the4.co/kalles-html2/html/product-detail-swatch-rectangle.html]
[themes.the4.co/kalles-html2/html/product-detail-swatch-rectangle-color.html]
[themes.the4.co/kalles-html2/html/product-detail-swatch-simple.html]
[themes.the4.co/kalles-html2/html/product-detail-swatch-simple-color.html]
[themes.the4.co/kalles-html2/html/product-detail-pre-orders.html]
[themes.the4.co/kalles-html2/html/product-detail-description-with-lookbook.html]
[themes.the4.co/kalles-html2/html/product-detail-back-in-stock-notification.html]
[themes.the4.co/kalles-html2/html/product-detail-product-sticky.html]
[themes.the4.co/kalles-html2/html/product-detail-360-viewer.html]
[themes.the4.co/kalles-html2/html/assets/images/megamenu/pr-01.jpg]
[themes.the4.co/kalles-html2/html/assets/images/megamenu/pr-03.jpg]
[themes.the4.co/kalles-html2/html/assets/images/megamenu/pr-09.jpg]
[themes.the4.co/kalles-html2/html/assets/images/products/pr-14.jpg]
[themes.the4.co/kalles-html2/html/portfolio-3-columns.html]
[themes.the4.co/kalles-html2/html/portfolio.html]
[themes.the4.co/kalles-html2/html/portfolio-4-columns.html]
[themes.the4.co/kalles-html2/html/single-portfolio-with-shop.html]
[themes.the4.co/kalles-html2/html/single-portfolio-with-lookbook.html]
[themes.the4.co/kalles-html2/html/single-portfolio-with-instagram-shop.html]
[themes.the4.co/kalles-html2/html/blog-post-with-lookbook.html]
[themes.the4.co/kalles-html2/html/lookbook-in-page.html]
[themes.the4.co/kalles-html2/html/blog-grid.html]
[themes.the4.co/kalles-html2/html/blog-masonry.html]
[themes.the4.co/kalles-html2/html/blog-left-sidebar.html]
[themes.the4.co/kalles-html2/html/blog-right-sidebar.html]
[themes.the4.co/kalles-html2/html/blog-post-with-product-listing.html]
[themes.the4.co/kalles-html2/html/blog-post-with-instagram-shop.html]
[themes.the4.co/kalles-html2/html/wishlist.html]
[themes.the4.co/kalles-html2/html/assets/images/slide/slider-01.jpg]
[themes.the4.co/kalles-html2/html/assets/images/slide/slider-02.jpg]
[themes.the4.co/kalles-html2/html/assets/images/slide/slider-03.jpg]
[themes.the4.co/kalles-html2/html/assets/images/home-01/bn-01.jpg]
[themes.the4.co/kalles-html2/html/assets/images/home-01/bn-02.jpg]
[themes.the4.co/kalles-html2/html/assets/images/home-01/bn-03.jpg]
[themes.the4.co/kalles-html2/html/assets/images/home-01/bn-04.jpg]
[themes.the4.co/kalles-html2/html/assets/images/home-metro/pr-q1.jpg]
[themes.the4.co/kalles-html2/html/assets/images/home-metro/pr-q2.jpg]
[themes.the4.co/kalles-html2/html/assets/images/home-01/bn-05.jpg]
[themes.the4.co/kalles-html2/html/assets/images/home-01/bn-06.jpg]
[themes.the4.co/kalles-html2/html/assets/images/products/pr-15.jpg]
[themes.the4.co/kalles-html2/html/assets/images/products/pr-33.jpg]
[themes.the4.co/kalles-html2/html/assets/images/blog/blog-01.jpg]
[themes.the4.co/kalles-html2/html/assets/images/blog/blog-02.jpg]
[themes.the4.co/kalles-html2/html/assets/images/blog/blog-03.jpg]
[themes.the4.co/kalles-html2/html/assets/images/instagram/ins1_14.jpg]
[themes.the4.co/kalles-html2/html/assets/images/instagram/ins1_8.jpg]
[themes.the4.co/kalles-html2/html/assets/images/instagram/ins1_1.jpg]
[themes.the4.co/kalles-html2/html/assets/images/instagram/ins1_6.jpg]
[themes.the4.co/kalles-html2/html/assets/images/instagram/ins1_5.jpg]
[themes.the4.co/kalles-html2/html/assets/images/instagram/ins1_4.jpg]
[themes.the4.co/kalles-html2/html/assets/images/instagram/ins1_2.jpg]
[themes.the4.co/kalles-html2/html/assets/images/instagram/ins1_13.jpg]
[themes.the4.co/kalles-html2/html/assets/images/payment2.png]
[themes.the4.co/cdn-cgi/scripts/5c5dd728/cloudflare-static/email-decode.min.js]
[themes.the4.co/kalles-html2/html/assets/images/popup/pr-1.jpg]
[themes.the4.co/kalles-html2/html/assets/images/popup/pr-2.jpg]
[themes.the4.co/kalles-html2/html/assets/images/popup/pr-3.jpg]
[themes.the4.co/kalles-html2/html/assets/images/about-us/mem-02.jpg]
[themes.the4.co/kalles-html2/html/assets/images/quick_shop/p_qs_01.jpg]
[themes.the4.co/kalles-html2/html/assets/images/quick_view/pr-01.jpg]
[themes.the4.co/kalles-html2/html/assets/images/quick_view/pr-02.jpg]
[themes.the4.co/kalles-html2/html/assets/images/quick_view/pr-03.jpg]
[themes.the4.co/kalles-html2/html/assets/images/quick_view/pr-04.jpg]
[themes.the4.co/kalles-html2/html/assets/images/quick_view/pr-05.jpg]
[themes.the4.co/kalles-html2/html/assets/images/quick_view/pr-06.jpg]
[themes.the4.co/kalles-html2/html/assets/images/quick_view/pr-07.jpg]
[themes.the4.co/kalles-html2/html/assets/images/quick_view/pr-08.jpg]
[themes.the4.co/kalles-html2/html/assets/images/quick_view/pr-09.jpg]
[themes.the4.co/kalles-html2/html/assets/images/quick_view/pr-10.jpg]
[themes.the4.co/kalles-html2/html/assets/images/trust_img2.png]
[themes.the4.co/kalles-html2/html/assets/images/mini-cart/product-01.jpg]
[themes.the4.co/kalles-html2/html/assets/images/mini-cart/product-02.jpg]
[themes.the4.co/kalles-html2/html/assets/images/mini-cart/product-03.jpg]
[themes.the4.co/kalles-html2/html/assets/images/mini-cart/product-04.jpg]
[themes.the4.co/kalles-html2/html/product-detail-layout-05.html]
[themes.the4.co/kalles-html2/html/assets/images/mini-cart/product-05.jpg]
[themes.the4.co/kalles-html2/html/assets/images/mini-cart/mini-cart-01.jpg]
[themes.the4.co/kalles-html2/html/assets/images/mini-cart/mini-cart-02.jpg]
[themes.the4.co/kalles-html2/html/assets/images/mini-cart/mini-cart-03.jpg]
[themes.the4.co/kalles-html2/html/assets/images/shop/sidebar-product-01.jpg]
[themes.the4.co/kalles-html2/html/assets/images/shop/sidebar-product-02.jpg]
[themes.the4.co/kalles-html2/html/assets/images/shop/sidebar-product-03.jpg]
[themes.the4.co/kalles-html2/html/assets/images/instagram/ins1_7.jpg]
[themes.the4.co/kalles-html2/html/assets/images/home-fashion-9/pr-s-01.jpg]
[themes.the4.co/kalles-html2/html/assets/images/home-fashion-9/pr-s-02.jpg]
[themes.the4.co/kalles-html2/html/assets/images/home-fashion-9/pr-s-03.jpg]
[themes.the4.co/kalles-html2/html/assets/images/home-fashion-9/pr-s-04.jpg]
[themes.the4.co/kalles-html2/html/assets/images/home-fashion-9/pr-s-05.jpg]
[themes.the4.co/kalles-html2/html/assets/images/home-fashion-9/pr-s-06.jpg]
[themes.the4.co/kalles-html2/html/assets/images/home-fashion-9/pr-s-07.jpg]
[themes.the4.co/kalles-html2/html/assets/images/home-fashion-9/pr-s-08.jpg]
[themes.the4.co/kalles-html2/html/assets/images/home-fashion-9/pr-s-09.jpg]
[themes.the4.co/kalles-html2/html/assets/images/home-fashion-9/pr-s-10.jpg]
[themes.the4.co/kalles-html2/html/assets/images/home-fashion-9/pr-s-11.jpg]
[themes.the4.co/kalles-html2/html/assets/images/home-fashion-9/pr-s-12.jpg]
[themes.the4.co/kalles-html2/html/assets/images/home-fashion-9/pr-s-13.jpg]
[themes.the4.co/kalles-html2/html/assets/images/home-fashion-9/pr-s-14.jpg]
[themes.the4.co/kalles-html2/html/assets/images/home-fashion-9/pr-s-15.jpg]
[themes.the4.co/kalles-html2/html/assets/images/home-fashion-9/pr-s-16.jpg]
[themes.the4.co/kalles-html2/html/assets/images/single-product/layout-02/thumb-sticky.jpg]
[cdn.shopify.com/s/files/1/0616/9480/4174/files/Rectangle_3.jpg]
[themes.the4.co/kalles-html2/html/assets/images/products/recommended_products_01.jpg]
[themes.the4.co/kalles-html2/html/assets/images/products/recommended_products_02.jpg]
[themes.the4.co/kalles-html2/html/assets/images/products/recommended_products_03.jpg]
[themes.the4.co/kalles-html2/html/assets/images/products/recommended_products_04.jpg]
[themes.the4.co/kalles-html2/html/assets/libs/jquery/jquery.min.js]
[themes.the4.co/kalles-html2/html/assets/js/store.js]
[themes.the4.co/kalles-html2/html/assets/libs/jarallax/jarallax.min.js]
[themes.the4.co/kalles-html2/html/assets/libs/swiper/swiper-bundle.min.js]
[themes.the4.co/kalles-html2/html/assets/libs/alpinejs/cdn.min.js]
[themes.the4.co/kalles-html2/html/assets/libs/jquery-countdown/jquery.countdown.min.js]
[themes.the4.co/kalles-html2/html/assets/libs/bootstrap/js/bootstrap.bundle.min.js]
[themes.the4.co/kalles-html2/html/assets/js/product-slider.init.js]
[themes.the4.co/kalles-html2/html/assets/js/popup.js]
[themes.the4.co/kalles-html2/html/assets/libs/flickity/flickity.pkgd.min.js]
[themes.the4.co/kalles-html2/html/assets/js/main.js]
[themes.the4.co/kalles-html2/html/assets/js/app.js]
[themes.the4.co/kalles-html2/html/index.html]
[themes.the4.co/kalles-html2/html/assets/libs/swiper/swiper-bundle.min.css]
[themes.the4.co/kalles-html2/html/assets/libs/flickity/flickity.min.css]
[themes.the4.co/kalles-html2/html/assets/libs/jarallax/jarallax.min.css]
[themes.the4.co/cdn-cgi/scripts/7d0fa10a/cloudflare-static/rocket-loader.min.js]
[themes.the4.co/kalles-html2/html/assets/css/bootstrap.min.css]
[themes.the4.co/kalles-html2/html/assets/css/icons.min.css]
[themes.the4.co/kalles-html2/html/assets/7b54bd6d48fbeb19b7bf.svg]
[themes.the4.co/kalles-html2/html/assets/fonts/la-brands-400.eot]
[themes.the4.co/kalles-html2/html/assets/fonts/la-brands-400d41d.eot]
[themes.the4.co/kalles-html2/html/assets/fonts/la-brands-400.woff2]
[themes.the4.co/kalles-html2/html/assets/fonts/la-brands-400.woff]
[themes.the4.co/kalles-html2/html/assets/fonts/la-brands-400.ttf]
[themes.the4.co/kalles-html2/html/assets/fonts/la-regular-400.eot]
[themes.the4.co/kalles-html2/html/assets/fonts/la-brands-400.svg]
[themes.the4.co/kalles-html2/html/assets/fonts/la-regular-400d41d.eot]
[themes.the4.co/kalles-html2/html/assets/fonts/la-regular-400.woff2]
[themes.the4.co/kalles-html2/html/assets/fonts/la-regular-400.woff]
[themes.the4.co/kalles-html2/html/assets/fonts/la-regular-400.ttf]
[themes.the4.co/kalles-html2/html/assets/fonts/la-regular-400.svg]
[themes.the4.co/kalles-html2/html/assets/fonts/la-solid-900.eot]
[themes.the4.co/kalles-html2/html/assets/fonts/la-solid-900d41d.eot]
[themes.the4.co/kalles-html2/html/assets/fonts/la-solid-900.woff2]
[themes.the4.co/kalles-html2/html/assets/fonts/la-solid-900.woff]
[themes.the4.co/kalles-html2/html/assets/fonts/la-solid-900.ttf]
[themes.the4.co/kalles-html2/html/assets/fonts/la-solid-900.svg]
[themes.the4.co/kalles-html2/html/assets/fonts/iconKalles.ttf]
[themes.the4.co/kalles-html2/html/assets/fonts/iconKalles.woff]
[themes.the4.co/kalles-html2/html/assets/fonts/iconKalles.svg]
[themes.the4.co/kalles-html2/html/assets/fonts/fakalles.eot]
[themes.the4.co/kalles-html2/html/assets/fonts/fakalles.woff2]
[themes.the4.co/kalles-html2/html/assets/fonts/fakalles.woff]
[themes.the4.co/kalles-html2/html/assets/fonts/fakalles.ttf]
[themes.the4.co/kalles-html2/html/assets/fonts/fakalles.svg]
[themes.the4.co/kalles-html2/html/assets/fonts/pe-icon-7-stroke.eot]
[themes.the4.co/kalles-html2/html/assets/fonts/pe-icon-7-stroke.woff]
[themes.the4.co/kalles-html2/html/assets/fonts/pe-icon-7-stroke.ttf]
[themes.the4.co/kalles-html2/html/assets/icons/font-icon.css]
[themes.the4.co/kalles-html2/html/assets/fonts/pe-icon-7-stroke.svg]
[themes.the4.co/kalles-html2/html/assets/07c0f9fee911e288127a.woff2]
[themes.the4.co/kalles-html2/html/assets/530cc2a3b84194cb2d0e.woff]
[themes.the4.co/kalles-html2/html/assets/4741f4579b6ce5636f94.woff2]
[themes.the4.co/kalles-html2/html/assets/483e96a214995b65bc04.woff]
[themes.the4.co/kalles-html2/html/assets/3cc84a2edfd7b25a3280.woff2]
[themes.the4.co/kalles-html2/html/assets/f3e39c52d79eeac80ee8.woff]
[themes.the4.co/kalles-html2/html/assets/02cf0976726643787944.woff2]
[themes.the4.co/kalles-html2/html/assets/3d31060ca3edf5d26f89.woff]
[themes.the4.co/kalles-html2/html/assets/27a7687809a957c58518.woff2]
[themes.the4.co/kalles-html2/html/assets/c7143ff2162a1e1bcc82.woff]
[themes.the4.co/kalles-html2/html/assets/307e8acf14845beee46d.woff2]
[themes.the4.co/kalles-html2/html/assets/08fff0327e7c499674ac.woff]
[themes.the4.co/kalles-html2/html/assets/b60d3a00b53e4c843a63.woff2]
[themes.the4.co/kalles-html2/html/assets/24475c4016db80325a0e.woff]
[themes.the4.co/kalles-html2/html/assets/27f8b71f7f13f9aef92d.woff2]
[themes.the4.co/kalles-html2/html/assets/670b21863d717a682e62.woff]
[themes.the4.co/kalles-html2/html/assets/841f30e228a03672421a.woff2]
[themes.the4.co/kalles-html2/html/assets/1a9452ec6a09e364baa1.woff]
[themes.the4.co/kalles-html2/html/assets/0657676052516515a753.woff2]
[themes.the4.co/kalles-html2/html/assets/93420d7abbcbfc1ae9d1.woff]
[themes.the4.co/kalles-html2/html/assets/9f2db9c6e8b1f89ec6f1.woff2]
[themes.the4.co/kalles-html2/html/assets/672214a3721153c48941.woff]
[themes.the4.co/kalles-html2/html/assets/94e34f2905b958c8be1b.woff2]
[themes.the4.co/kalles-html2/html/assets/2bd00cd621617107e0e2.woff]
[themes.the4.co/kalles-html2/html/assets/1fd1abd4b1a705c16f60.woff2]
[themes.the4.co/kalles-html2/html/assets/13c2420935ea58d22e3a.woff]
[themes.the4.co/kalles-html2/html/assets/d70a4269ecb6e743c449.woff2]
[themes.the4.co/kalles-html2/html/assets/8fd3c447f13d4e19bd73.woff]
[themes.the4.co/kalles-html2/html/assets/147fac13421f981d0b19.woff2]
[themes.the4.co/kalles-html2/html/assets/893fbb1ef8462d79e14d.woff]
[themes.the4.co/kalles-html2/html/assets/15e49a8de900400ece26.woff2]
[themes.the4.co/kalles-html2/html/assets/aa65975aafad91848470.woff]
[themes.the4.co/kalles-html2/html/assets/7c68ce948afc00ab710c.woff2]
[themes.the4.co/kalles-html2/html/assets/7e47f4c2862138f58dff.woff]
[themes.the4.co/kalles-html2/html/assets/5c687319f2b16722562a.woff2]
[themes.the4.co/kalles-html2/html/assets/effea156f9e01ab44b0f.woff]
[themes.the4.co/kalles-html2/html/assets/efac21793c94ba7ef71c.woff2]
[themes.the4.co/kalles-html2/html/assets/b881f7b52dc5bb9e1d33.woff]
[themes.the4.co/kalles-html2/html/assets/4e3ea482c885e28feeb6.woff2]
[themes.the4.co/kalles-html2/html/assets/cac08fe490ea90ea7015.woff]
[themes.the4.co/kalles-html2/html/assets/ddc34df294044c5e2a78.svg]
[themes.the4.co/kalles-html2/html/assets/2d78c7d810181b13580b.svg]
[themes.the4.co/kalles-html2/html/assets/3691ec1fdb7cdc66d848.jpg]
[themes.the4.co/kalles-html2/html/assets/d787b4d09073c25fd3f6.jpg]
[themes.the4.co/kalles-html2/html/assets/02fa2ec65e0faa1debf1.jpg]
[themes.the4.co/kalles-html2/html/assets/3b622f087da6fe0cf7d8.png]
[themes.the4.co/kalles-html2/html/assets/221a1713dc29f9746aa8.jpg]
[themes.the4.co/kalles-html2/html/assets/e2c97cc8efd2b47a761b.jpg]
[themes.the4.co/kalles-html2/html/assets/e5bd55d7e737d21af13d.png]
[themes.the4.co/kalles-html2/html/assets/css/app.min.css]
[themes.the4.co/kalles-html2/html/assets/images/shop/shop-banner.jpg]
[themes.the4.co/kalles-html2/html/assets/images/shop/pr-01.jpg]
[themes.the4.co/kalles-html2/html/shop.html]
[themes.the4.co/kalles-html2/html/assets/images/svg/usd.svg]
[themes.the4.co/kalles-html2/html/assets/images/svg/aud.svg]
[themes.the4.co/kalles-html2/html/assets/images/svg/cad.svg]
[themes.the4.co/kalles-html2/html/assets/images/svg/dkk.svg]
[themes.the4.co/kalles-html2/html/assets/images/svg/eur.svg]
[themes.the4.co/kalles-html2/html/assets/images/svg/gbp.svg]
[themes.the4.co/kalles-html2/html/assets/images/svg/hkd.svg]
[themes.the4.co/kalles-html2/html/assets/images/svg/jpy.svg]
[themes.the4.co/kalles-html2/html/assets/images/svg/nzd.svg]
[themes.the4.co/kalles-html2/html/assets/images/svg/sgd.svg]
[themes.the4.co/kalles-html2/html/assets/images/svg/kalles.svg]
[themes.the4.co/kalles-html2/html/shop-Infinite-scrolling.html]
[themes.the4.co/kalles-html2/html/assets/images/home-classic/mega-bagal-1.jpg]
[themes.the4.co/kalles-html2/html/assets/images/home-classic/cat-women.jpg]
[themes.the4.co/kalles-html2/html/assets/images/home-classic/cat-bags.jpg]
[themes.the4.co/kalles-html2/html/assets/images/home-classic/cat-footerwear.jpg]
[themes.the4.co/kalles-html2/html/assets/images/home-classic/cat-men.jpg]
[themes.the4.co/kalles-html2/html/assets/images/home-classic/cat-watch.jpg]
[themes.the4.co/kalles-html2/html/assets/images/home-classic/pr-big-23.jpg]
[themes.the4.co/kalles-html2/html/assets/images/home-classic/pr-big-26.jpg]
[themes.the4.co/kalles-html2/html/home-classic.html]
[themes.the4.co/kalles-html2/html/assets/videos/jewelry_video.mp4]
[themes.the4.co/kalles-html2/html/assets/images/home-video-banner/cat-01.jpg]
[themes.the4.co/kalles-html2/html/assets/images/home-video-banner/cat-02.jpg]
[themes.the4.co/kalles-html2/html/assets/images/home-video-banner/cat-03.jpg]
[themes.the4.co/kalles-html2/html/assets/images/home-video-banner/bn-01.jpg]
[themes.the4.co/kalles-html2/html/home-video-banner.html]
[themes.the4.co/kalles-html2/html/assets/images/home-categories-links/cat-bn-01.jpg]
[themes.the4.co/kalles-html2/html/assets/images/home-categories-links/cat-bn-02.jpg]
[themes.the4.co/kalles-html2/html/assets/images/home-categories-links/cat-bn-03.jpg]
[themes.the4.co/kalles-html2/html/assets/images/home-categories-links/cat-bn-04.jpg]
[themes.the4.co/kalles-html2/html/home-categories-links.html]
[themes.the4.co/kalles-html2/html/assets/images/home-static-image/main-slide.jpg]
[themes.the4.co/kalles-html2/html/assets/images/home-static-image/shop-men.jpg]
[themes.the4.co/kalles-html2/html/assets/images/home-static-image/shop-women.jpg]
[themes.the4.co/kalles-html2/html/assets/images/home-static-image/hipster_girl.jpg]
[themes.the4.co/kalles-html2/html/assets/images/home-static-image/bn-01.jpg]
[themes.the4.co/kalles-html2/html/assets/images/home-static-image/bn-02.jpg]
[themes.the4.co/kalles-html2/html/home-static-image.html]
[themes.the4.co/kalles-html2/html/assets/images/home-classic/pr-06.jpg]
[themes.the4.co/kalles-html2/html/assets/images/home-classic/pr-07.jpg]
[themes.the4.co/kalles-html2/html/assets/images/home-classic/pr-08.jpg]
[themes.the4.co/kalles-html2/html/assets/images/home-classic/pr-31.jpg]
[themes.the4.co/kalles-html2/html/assets/images/home-classic/pr-32.jpg]
[themes.the4.co/kalles-html2/html/assets/images/home-classic/pr-big-24.jpg]
[themes.the4.co/kalles-html2/html/assets/images/home-classic/pr-big-25.jpg]
[themes.the4.co/kalles-html2/html/home-metro.html]
[themes.the4.co/kalles-html2/html/assets/images/home-lookbook/slide-01.jpg]
[themes.the4.co/kalles-html2/html/assets/images/home-lookbook/slide-02.jpg]
[themes.the4.co/kalles-html2/html/assets/images/home-lookbook/slide-03.jpg]
[themes.the4.co/kalles-html2/html/assets/images/home-lookbook/bn-01.jpg]
[themes.the4.co/kalles-html2/html/assets/images/home-lookbook/bn-03.jpg]
[themes.the4.co/kalles-html2/html/home-lookbook.html]
[themes.the4.co/kalles-html2/html/assets/images/home-parallax/slide-01.jpg]
[themes.the4.co/kalles-html2/html/assets/images/home-parallax/slide-02.jpg]
[themes.the4.co/kalles-html2/html/assets/images/home-parallax/slide-03.jpg]
[themes.the4.co/kalles-html2/html/assets/images/home-parallax/slide-04.jpg]
[themes.the4.co/kalles-html2/html/home-parallax.html]
[themes.the4.co/kalles-html2/html/assets/images/home-instagram-shop/loobook.jpg]
[themes.the4.co/kalles-html2/html/assets/images/home-instagram-shop/bg-pin-01.jpg]
[themes.the4.co/kalles-html2/html/assets/images/home-instagram-shop/bg-pin-02.jpg]
[themes.the4.co/kalles-html2/html/assets/images/home-instagram-shop/bg-pin-03.jpg]
[themes.the4.co/kalles-html2/html/assets/images/home-instagram-shop/bg-pin-04.jpg]
[themes.the4.co/kalles-html2/html/assets/images/home-instagram-shop/bg-pin-05.jpg]
[themes.the4.co/kalles-html2/html/assets/images/home-instagram-shop/bg-pin-06.jpg]
[themes.the4.co/kalles-html2/html/assets/images/home-instagram-shop/bg-pin-07.jpg]
[themes.the4.co/kalles-html2/html/assets/images/home-instagram-shop/bg-pin-08.jpg]
[themes.the4.co/kalles-html2/html/home-instagram-shop.html]
[themes.the4.co/kalles-html2/html/assets/images/home-medical/favicon-medical.png]
[themes.the4.co/kalles-html2/html/assets/images/home-medical/kalles-medical-170.png]
[themes.the4.co/kalles-html2/html/assets/images/home-medical/megamenu1-promotion-01.png]
[themes.the4.co/kalles-html2/html/assets/images/home-medical/megamenu1-promotion-02.png]
[themes.the4.co/kalles-html2/html/assets/images/home-medical/cat-03.jpg]
[themes.the4.co/kalles-html2/html/assets/images/home-medical/cat-04.jpg]
[themes.the4.co/kalles-html2/html/assets/images/home-medical/cat-05.jpg]
[themes.the4.co/kalles-html2/html/assets/images/home-medical/cat-06.jpg]
[themes.the4.co/kalles-html2/html/assets/images/home-medical/slide-01.jpg]
[themes.the4.co/kalles-html2/html/assets/images/home-medical/slide-02.png]
[themes.the4.co/kalles-html2/html/assets/images/home-medical/slide-03.png]
[themes.the4.co/kalles-html2/html/assets/images/home-medical/banner-01.jpg]
[themes.the4.co/kalles-html2/html/assets/images/home-medical/banner-02.jpg]
[themes.the4.co/kalles-html2/html/assets/images/home-medical/banner-03.jpg]
[themes.the4.co/kalles-html2/html/assets/images/home-medical/cat-01.jpg]
[themes.the4.co/kalles-html2/html/assets/images/home-medical/cat-02.jpg]
[themes.the4.co/kalles-html2/html/assets/images/home-medical/deal-banner-01.png]
[themes.the4.co/kalles-html2/html/assets/images/home-medical/deal-banner-02.png]
[themes.the4.co/kalles-html2/html/assets/images/home-medical/brand-logo-01.png]
[themes.the4.co/kalles-html2/html/assets/images/home-medical/brand-logo-02.png]
[themes.the4.co/kalles-html2/html/assets/images/home-medical/brand-logo-03.png]
[themes.the4.co/kalles-html2/html/assets/images/home-medical/brand-logo-04.png]
[themes.the4.co/kalles-html2/html/assets/images/home-medical/brand-logo-05.png]
[themes.the4.co/kalles-html2/html/assets/images/home-medical/brand-logo-06.png]
[themes.the4.co/kalles-html2/html/assets/images/home-medical/brand-logo-07.png]
[themes.the4.co/kalles-html2/html/assets/images/home-medical/brand-logo-08.png]
[themes.the4.co/kalles-html2/html/assets/images/home-medical/brand-logo-09.png]
[themes.the4.co/kalles-html2/html/assets/images/home-medical/brand-logo-10.png]
[themes.the4.co/kalles-html2/html/assets/images/home-medical/brand-logo-11.png]
[themes.the4.co/kalles-html2/html/assets/images/home-medical/brand-logo-12.png]
[themes.the4.co/kalles-html2/html/assets/images/home-medical/post-thumb-01.jpg]
[themes.the4.co/kalles-html2/html/assets/images/home-medical/post-thumb-02.jpg]
[themes.the4.co/kalles-html2/html/assets/images/home-medical/post-thumb-03.jpg]
[themes.the4.co/kalles-html2/html/assets/images/home-medical/post-thumb-04.jpg]
[themes.the4.co/kalles-html2/html/assets/images/home-medical/footer-logo.png]
[themes.the4.co/kalles-html2/html/home-medical.html]
[themes.the4.co/kalles-html2/html/assets/images/home-flower/mega-banner-01.jpg]
[themes.the4.co/kalles-html2/html/assets/images/home-flower/mega-banner-02.jpg]
[themes.the4.co/kalles-html2/html/assets/images/home-flower/slide-01.jpg]
[themes.the4.co/kalles-html2/html/assets/images/home-flower/slide-02.png]
[themes.the4.co/kalles-html2/html/assets/images/home-flower/slide-03.jpg]
[themes.the4.co/kalles-html2/html/assets/images/home-flower/who-we-are.png]
[themes.the4.co/kalles-html2/html/assets/images/home-flower/we-sign.png]
[themes.the4.co/kalles-html2/html/assets/images/home-flower/cat-01.png]
[themes.the4.co/kalles-html2/html/assets/images/home-flower/cat-02.jpg]
[themes.the4.co/kalles-html2/html/assets/images/home-flower/cat-03.jpg]
[themes.the4.co/kalles-html2/html/assets/images/home-flower/cat-04.jpg]
[themes.the4.co/kalles-html2/html/assets/images/home-flower/card-info-01.jpg]
[themes.the4.co/kalles-html2/html/assets/images/home-flower/card-info-02.jpg]
[themes.the4.co/kalles-html2/html/assets/images/home-flower/pr-flw-12.png]
[themes.the4.co/kalles-html2/html/assets/images/home-flower/pr-flw-13.png]
[themes.the4.co/kalles-html2/html/assets/images/home-flower/blog-01.jpg]
[themes.the4.co/kalles-html2/html/assets/images/home-flower/blog-02.jpg]
[themes.the4.co/kalles-html2/html/assets/images/home-flower/blog-03.jpg]
[themes.the4.co/kalles-html2/html/assets/images/home-flower/instagram-01.png]
[themes.the4.co/kalles-html2/html/assets/images/home-flower/instagram-04.jpg]
[themes.the4.co/kalles-html2/html/assets/images/home-flower/instagram-05.jpg]
[themes.the4.co/kalles-html2/html/assets/images/home-flower/instagram-06.png]
[themes.the4.co/kalles-html2/html/assets/images/home-flower/instagram-07.jpg]
[themes.the4.co/kalles-html2/html/assets/images/home-flower/instagram-08.jpg]
[themes.the4.co/kalles-html2/html/assets/images/home-flower/instagram-02.png]
[themes.the4.co/kalles-html2/html/assets/images/home-flower/bg-footer.jpg]
[themes.the4.co/kalles-html2/html/home-flower.html]
[themes.the4.co/kalles-html2/html/assets/images/home-furniture/megamenu-banner.jpg]
[themes.the4.co/kalles-html2/html/assets/images/home-furniture/slide.jpg]
[themes.the4.co/kalles-html2/html/assets/images/home-furniture/recent-project-banner.jpg]
[themes.the4.co/kalles-html2/html/assets/images/home-furniture/customer-01.jpg]
[themes.the4.co/kalles-html2/html/assets/images/home-furniture/customer-02.jpg]
[themes.the4.co/kalles-html2/html/assets/images/home-furniture/customer-03.jpg]
[themes.the4.co/kalles-html2/html/assets/images/home-furniture/collection-banner.jpg]
[themes.the4.co/kalles-html2/html/assets/images/home-furniture/blog-01.jpg]
[themes.the4.co/kalles-html2/html/assets/images/home-furniture/blog-02.jpg]
[themes.the4.co/kalles-html2/html/assets/images/home-furniture/blog-03.jpg]
[themes.the4.co/kalles-html2/html/assets/images/home-furniture/payment-amazon.svg]
[themes.the4.co/kalles-html2/html/assets/images/home-furniture/payment-litecoin.svg]
[themes.the4.co/kalles-html2/html/assets/images/home-furniture/payment-maestro.svg]
[themes.the4.co/kalles-html2/html/assets/images/home-furniture/payment-paypal.svg]
[themes.the4.co/kalles-html2/html/assets/images/home-furniture/payment-visa.svg]
[themes.the4.co/kalles-html2/html/home-furniture.html]
[themes.the4.co/kalles-html2/html/assets/images/home-furniture/payment-master.svg]
[themes.the4.co/kalles-html2/html/assets/images/home-bags/mega-banner-01.jpg]
[themes.the4.co/kalles-html2/html/assets/images/home-bags/pr-14.jpg]
[themes.the4.co/kalles-html2/html/assets/images/home-bags/pr-01.jpg]
[themes.the4.co/kalles-html2/html/assets/images/home-bags/pr-02.jpg]
[themes.the4.co/kalles-html2/html/assets/images/home-bags/pr-13.jpg]
[themes.the4.co/kalles-html2/html/assets/images/home-bags/main-slide-01.jpg]
[themes.the4.co/kalles-html2/html/assets/images/home-bags/main-slide-02.jpg]
[themes.the4.co/kalles-html2/html/assets/images/home-bags/messengers-cat.jpg]
[themes.the4.co/kalles-html2/html/assets/images/home-bags/travel-luggage-cat.jpg]
[themes.the4.co/kalles-html2/html/assets/images/home-bags/laptop-bags-cat.jpg]
[themes.the4.co/kalles-html2/html/assets/images/home-bags/backpack-cat.jpg]
[themes.the4.co/kalles-html2/html/assets/images/home-bags/bestseller-product-banner.jpg]
[themes.the4.co/kalles-html2/html/assets/images/home-bags/br1.png]
[themes.the4.co/kalles-html2/html/assets/images/home-bags/br2.png]
[themes.the4.co/kalles-html2/html/assets/images/home-bags/br3.png]
[themes.the4.co/kalles-html2/html/assets/images/home-bags/br4.png]
[themes.the4.co/kalles-html2/html/assets/images/home-bags/br5.png]
[themes.the4.co/kalles-html2/html/assets/images/home-bags/br6.jpg]
[themes.the4.co/kalles-html2/html/assets/images/home-bags/br7.jpg]
[themes.the4.co/kalles-html2/html/assets/images/home-bags/br8.jpg]
[themes.the4.co/kalles-html2/html/assets/images/home-bags/br9.jpg]
[themes.the4.co/kalles-html2/html/assets/images/home-bags/br10.jpg]
[themes.the4.co/kalles-html2/html/assets/images/home-bags/avatar-01.jpg]
[themes.the4.co/kalles-html2/html/assets/images/home-bags/avatar-03.jpg]
[themes.the4.co/kalles-html2/html/home-bag.html]
[themes.the4.co/kalles-html2/html/assets/images/home-lingerie/mega-menu-cat-01.jpg]
[themes.the4.co/kalles-html2/html/assets/images/home-lingerie/mega-menu-cat-02.jpg]
[themes.the4.co/kalles-html2/html/assets/images/home-lingerie/slide-01.jpg]
[themes.the4.co/kalles-html2/html/assets/images/home-lingerie/slide-02.jpg]
[themes.the4.co/kalles-html2/html/assets/images/home-lingerie/lookbook-pin-01.jpg]
[themes.the4.co/kalles-html2/html/assets/images/home-lingerie/lookbook-pin-02.jpg]
[themes.the4.co/kalles-html2/html/assets/images/home-lingerie/pr-02.jpg]
[themes.the4.co/kalles-html2/html/assets/images/home-lingerie/pr-03.jpg]
[themes.the4.co/kalles-html2/html/assets/images/home-lingerie/pr-18.jpg]
[themes.the4.co/kalles-html2/html/assets/images/home-lingerie/pr-07.jpg]
[themes.the4.co/kalles-html2/html/assets/images/home-lingerie/pr-19.jpg]
[themes.the4.co/kalles-html2/html/assets/images/home-lingerie/pr-11.jpg]
[themes.the4.co/kalles-html2/html/assets/images/home-lingerie/pr-20.jpg]
[themes.the4.co/kalles-html2/html/assets/images/home-lingerie/pr-21.jpg]
[themes.the4.co/kalles-html2/html/assets/images/home-lingerie/trending-item-left.jpg]
[themes.the4.co/kalles-html2/html/assets/images/home-lingerie/trending-item-right.jpg]
[themes.the4.co/kalles-html2/html/assets/images/home-lingerie/blog-01.png]
[themes.the4.co/kalles-html2/html/assets/images/home-lingerie/blog-02.jpg]
[themes.the4.co/kalles-html2/html/assets/images/home-lingerie/brand-01.png]
[themes.the4.co/kalles-html2/html/assets/images/home-lingerie/brand-02.png]
[themes.the4.co/kalles-html2/html/assets/images/home-lingerie/brand-03.png]
[themes.the4.co/kalles-html2/html/assets/images/home-lingerie/brand-04.png]
[themes.the4.co/kalles-html2/html/assets/images/home-lingerie/brand-05.png]
[themes.the4.co/kalles-html2/html/assets/images/home-lingerie/brand-06.png]
[themes.the4.co/kalles-html2/html/assets/images/home-lingerie/line-banner-01.jpg]
[themes.the4.co/kalles-html2/html/assets/images/home-lingerie/line-banner-02.jpg]
[themes.the4.co/kalles-html2/html/assets/images/home-lingerie/payment-method.png]
[themes.the4.co/kalles-html2/html/home-lingeries.html]
[themes.the4.co/kalles-html2/html/assets/images/home-cosmetics/kalles-green-01.png]
[themes.the4.co/kalles-html2/html/assets/images/home-cosmetics/kalles-green-02.png]
[themes.the4.co/kalles-html2/html/assets/images/home-cosmetics/mega-banner.jpg]
[themes.the4.co/kalles-html2/html/assets/images/home-cosmetics/main-slide-01.jpg]
[themes.the4.co/kalles-html2/html/assets/images/home-cosmetics/main-slide-03.jpg]
[themes.the4.co/kalles-html2/html/assets/images/home-cosmetics/main-slide-02.jpg]
[themes.the4.co/kalles-html2/html/assets/images/home-cosmetics/cat-banner-01.jpg]
[themes.the4.co/kalles-html2/html/assets/images/home-cosmetics/cat-banner-02.jpg]
[themes.the4.co/kalles-html2/html/assets/images/home-cosmetics/cat-banner-03.jpg]
[themes.the4.co/kalles-html2/html/assets/images/home-cosmetics/cat-banner-04.jpg]
[themes.the4.co/kalles-html2/html/assets/images/home-cosmetics/intg-01.jpg]
[themes.the4.co/kalles-html2/html/assets/images/home-cosmetics/intg-02.jpg]
[themes.the4.co/kalles-html2/html/assets/images/home-cosmetics/intg-03.jpg]
[themes.the4.co/kalles-html2/html/assets/images/home-cosmetics/intg-04.jpg]
[themes.the4.co/kalles-html2/html/assets/images/home-cosmetics/intg-05.jpg]
[themes.the4.co/kalles-html2/html/assets/images/home-cosmetics/intg-06.jpg]
[themes.the4.co/kalles-html2/html/assets/images/home-cosmetics/br1.png]
[themes.the4.co/kalles-html2/html/assets/images/home-cosmetics/br2.png]
[themes.the4.co/kalles-html2/html/assets/images/home-cosmetics/br3.png]
[themes.the4.co/kalles-html2/html/assets/images/home-cosmetics/br4.png]
[themes.the4.co/kalles-html2/html/assets/images/home-cosmetics/br5.png]
[themes.the4.co/kalles-html2/html/home-cosmetics.html]
[themes.the4.co/kalles-html2/html/assets/images/home-glasses/mega-menu-slide-01.jpg]
[themes.the4.co/kalles-html2/html/assets/images/home-glasses/mega-menu-slide-02.jpg]
[themes.the4.co/kalles-html2/html/assets/images/home-glasses/pr-06.jpg]
[themes.the4.co/kalles-html2/html/assets/images/home-glasses/pr-04.jpg]
[themes.the4.co/kalles-html2/html/assets/images/home-glasses/slide-01.jpg]
[themes.the4.co/kalles-html2/html/assets/images/home-glasses/slide-02.jpg]
[themes.the4.co/kalles-html2/html/assets/images/home-glasses/slide-03.jpg]
[themes.the4.co/kalles-html2/html/assets/images/home-glasses/banner-01.jpg]
[themes.the4.co/kalles-html2/html/assets/images/home-glasses/banner-02.jpg]
[themes.the4.co/kalles-html2/html/assets/images/home-glasses/pr-08.jpg]
[themes.the4.co/kalles-html2/html/assets/images/home-glasses/pr-13.jpg]
[themes.the4.co/kalles-html2/html/assets/images/home-glasses/blog-01.jpg]
[themes.the4.co/kalles-html2/html/assets/images/home-glasses/blog-02.jpg]
[themes.the4.co/kalles-html2/html/assets/images/home-glasses/thumb-01.jpg]
[themes.the4.co/kalles-html2/html/assets/images/home-glasses/thumb-02.jpg]
[themes.the4.co/kalles-html2/html/assets/images/home-glasses/thumb-04.jpg]
[themes.the4.co/kalles-html2/html/assets/images/home-glasses/thumb-05.jpg]
[themes.the4.co/kalles-html2/html/assets/images/home-glasses/thumb-06.jpg]
[themes.the4.co/kalles-html2/html/assets/images/home-glasses/thumb-07.jpg]
[themes.the4.co/kalles-html2/html/assets/images/home-glasses/thumb-08.jpg]
[themes.the4.co/kalles-html2/html/assets/images/home-glasses/thumb-09.jpg]
[themes.the4.co/kalles-html2/html/assets/images/home-glasses/thumb-10.jpg]
[themes.the4.co/kalles-html2/html/assets/images/home-glasses/thumb-11.jpg]
[themes.the4.co/kalles-html2/html/assets/images/home-glasses/thumb-12.jpg]
[themes.the4.co/kalles-html2/html/assets/images/home-glasses/footer-logo.png]
[themes.the4.co/kalles-html2/html/assets/images/home-glasses/payment-01.svg]
[themes.the4.co/kalles-html2/html/assets/images/home-glasses/payment-02.svg]
[themes.the4.co/kalles-html2/html/assets/images/home-glasses/payment-03.svg]
[themes.the4.co/kalles-html2/html/assets/images/home-glasses/payment-04.svg]
[themes.the4.co/kalles-html2/html/assets/images/home-glasses/payment-05.svg]
[themes.the4.co/kalles-html2/html/assets/images/home-glasses/payment-06.svg]
[themes.the4.co/kalles-html2/html/assets/images/home-glasses/payment-07.svg]
[themes.the4.co/kalles-html2/html/home-glasses.html]
[themes.the4.co/kalles-html2/html/assets/images/home-glasses/payment-08.svg]
[themes.the4.co/kalles-html2/html/assets/images/home-shoes/mega-menu-cat.jpg]
[themes.the4.co/kalles-html2/html/assets/images/home-shoes/grid-bn-01.jpg]
[themes.the4.co/kalles-html2/html/assets/images/home-shoes/grid-bn-04.jpg]
[themes.the4.co/kalles-html2/html/assets/images/home-shoes/grid-bn-02.jpg]
[themes.the4.co/kalles-html2/html/assets/images/home-shoes/grid-bn-05.jpg]
[themes.the4.co/kalles-html2/html/assets/images/home-shoes/grid-bn-03.jpg]
[themes.the4.co/kalles-html2/html/assets/images/home-shoes/brand-01.png]
[themes.the4.co/kalles-html2/html/assets/images/home-shoes/brand-02.png]
[themes.the4.co/kalles-html2/html/assets/images/home-shoes/brand-03.png]
[themes.the4.co/kalles-html2/html/assets/images/home-shoes/brand-04.png]
[themes.the4.co/kalles-html2/html/assets/images/home-shoes/brand-05.png]
[themes.the4.co/kalles-html2/html/assets/images/home-shoes/brand-06.png]
[themes.the4.co/kalles-html2/html/home-shoes.html]
[themes.the4.co/kalles-html2/html/home-default.html]
[themes.the4.co/kalles-html2/html/assets/images/home-fashion-9/main-slide.jpg]
[themes.the4.co/kalles-html2/html/assets/images/home-fashion-9/cat-women.jpg]
[themes.the4.co/kalles-html2/html/assets/images/home-fashion-9/cat-accessories.jpg]
[themes.the4.co/kalles-html2/html/assets/images/home-fashion-9/cat-watch.jpg]
[themes.the4.co/kalles-html2/html/assets/images/home-fashion-9/cat-men.jpg]
[themes.the4.co/kalles-html2/html/assets/images/home-fashion-9/cat-shoes.jpg]
[themes.the4.co/kalles-html2/html/assets/images/products/pr-34.jpg]
[themes.the4.co/kalles-html2/html/assets/images/products/pr-16.jpg]
[themes.the4.co/kalles-html2/html/assets/images/products/pr-05.jpg]
[themes.the4.co/kalles-html2/html/assets/images/products/pr-31.jpg]
[themes.the4.co/kalles-html2/html/assets/images/products/pr-32.jpg]
[themes.the4.co/kalles-html2/html/assets/images/home-classic/pr-33.jpg]
[themes.the4.co/kalles-html2/html/assets/images/home-classic/pr-03.jpg]
[themes.the4.co/kalles-html2/html/assets/images/home-classic/pr-04.jpg]
[themes.the4.co/kalles-html2/html/assets/images/products/pr-04.jpg]
[themes.the4.co/kalles-html2/html/assets/images/products/pr-07.jpg]
[themes.the4.co/kalles-html2/html/assets/images/products/pr-08.jpg]
[themes.the4.co/kalles-html2/html/assets/images/products/pr-06.jpg]
[themes.the4.co/kalles-html2/html/assets/images/home-fashion-9/pr-s-50.jpg]
[themes.the4.co/kalles-html2/html/assets/images/home-fashion-9/pr-s-51.jpg]
[themes.the4.co/kalles-html2/html/assets/images/home-fashion-9/pr-s-52.jpg]
[themes.the4.co/kalles-html2/html/assets/images/home-fashion-9/pr-s-54.jpg]
[themes.the4.co/kalles-html2/html/home-fashion9.html]
[themes.the4.co/kalles-html2/html/assets/images/home-lookbook-collection/cat-women.jpg]
[themes.the4.co/kalles-html2/html/assets/images/home-lookbook-collection/cat-accessories.jpg]
[themes.the4.co/kalles-html2/html/assets/images/home-lookbook-collection/cat-shoes.jpg]
[themes.the4.co/kalles-html2/html/assets/images/home-lookbook-collection/cat-watches.jpg]
[themes.the4.co/kalles-html2/html/assets/images/home-lookbook-collection/cat-left.jpg]
[themes.the4.co/kalles-html2/html/assets/images/home-lookbook-collection/cat-right.jpg]
[themes.the4.co/kalles-html2/html/assets/images/home-lookbook-collection/bg-pin-01.jpg]
[themes.the4.co/kalles-html2/html/assets/images/home-lookbook-collection/bg-pin-02.jpg]
[themes.the4.co/kalles-html2/html/assets/images/home-lookbook-collection/bg-pin-04.jpg]
[themes.the4.co/kalles-html2/html/assets/images/home-lookbook-collection/bg-pin-05.jpg]
[themes.the4.co/kalles-html2/html/assets/images/home-lookbook-collection/bg-pin-03.jpg]
[themes.the4.co/kalles-html2/html/home-lookbook-collection.html]
[themes.the4.co/kalles-html2/html/assets/images/home-fashion-simple/cat-women.jpg]
[themes.the4.co/kalles-html2/html/assets/images/home-fashion-simple/cat-footwear.jpg]
[themes.the4.co/kalles-html2/html/assets/images/home-fashion-simple/cat-accessories.jpg]
[themes.the4.co/kalles-html2/html/assets/images/home-fashion-simple/cat-men.jpg]
[themes.the4.co/kalles-html2/html/home-fashion-simple.html]
[themes.the4.co/kalles-html2/html/assets/images/home-fashion-10/cat-women.jpg]
[themes.the4.co/kalles-html2/html/assets/images/home-fashion-10/cat-accessories.jpg]
[themes.the4.co/kalles-html2/html/assets/images/home-fashion-10/cat-men.jpg]
[themes.the4.co/kalles-html2/html/assets/images/home-fashion-10/cat-shoes.jpg]
[themes.the4.co/kalles-html2/html/assets/images/home-fashion-10/cat-watch.jpg]
[themes.the4.co/kalles-html2/html/assets/images/home-fashion-10/twin-banner-01.jpg]
[themes.the4.co/kalles-html2/html/assets/images/home-fashion-10/twin-banner-02.jpg]
[themes.the4.co/kalles-html2/html/home-fashion10.html]
[themes.the4.co/kalles-html2/html/assets/images/home-decor/mega-cat.jpg]
[themes.the4.co/kalles-html2/html/assets/images/home-decor/head-logo-white.png]
[themes.the4.co/kalles-html2/html/assets/images/home-decor/head-logo.png]
[themes.the4.co/kalles-html2/html/assets/images/home-decor/main-slide.jpg]
[themes.the4.co/kalles-html2/html/assets/images/home-decor/cat-banner-01.jpg]
[themes.the4.co/kalles-html2/html/assets/images/home-decor/cat-banner-02.jpg]
[themes.the4.co/kalles-html2/html/assets/images/home-decor/cat-banner-03.jpg]
[themes.the4.co/kalles-html2/html/assets/images/home-decor-2/blog-post-01.jpg]
[themes.the4.co/kalles-html2/html/assets/images/home-decor-2/blog-post-02.jpg]
[themes.the4.co/kalles-html2/html/assets/images/home-decor-2/blog-post-03.jpg]
[themes.the4.co/kalles-html2/html/home-decor.html]
[themes.the4.co/kalles-html2/html/assets/images/home-decor-2/banner-cat-01.jpg]
[themes.the4.co/kalles-html2/html/assets/images/home-decor-2/banner-cat-02.jpg]
[themes.the4.co/kalles-html2/html/assets/images/home-decor-2/banner-cat-05.jpg]
[themes.the4.co/kalles-html2/html/assets/images/home-decor-2/banner-cat-03.jpg]
[themes.the4.co/kalles-html2/html/home-decor2.html]
[themes.the4.co/kalles-html2/html/assets/images/home-fashion-vertical/slide-01.jpg]
[themes.the4.co/kalles-html2/html/assets/images/home-fashion-vertical/cat-women.jpg]
[themes.the4.co/kalles-html2/html/assets/images/home-fashion-vertical/cat-caps-and-hats.jpg]
[themes.the4.co/kalles-html2/html/assets/images/home-fashion-vertical/cat-foot-wear.jpg]
[themes.the4.co/kalles-html2/html/assets/images/home-fashion-vertical/cat-accessories.jpg]
[themes.the4.co/kalles-html2/html/assets/images/home-fashion-vertical/banner-01.jpg]
[themes.the4.co/kalles-html2/html/assets/images/home-fashion-vertical/banner-02.jpg]
[themes.the4.co/kalles-html2/html/home-fashion-vertical.html]
[themes.the4.co/kalles-html2/html/assets/images/home-electronic/main-slide.jpg]
[themes.the4.co/kalles-html2/html/assets/images/home-electronic/cat-banner-01.jpg]
[themes.the4.co/kalles-html2/html/assets/images/home-electronic/cat-banner-02.jpg]
[themes.the4.co/kalles-html2/html/assets/images/home-electronic/cat-banner-03.jpg]
[themes.the4.co/kalles-html2/html/assets/images/home-electronic/blog-thumb-01.jpg]
[themes.the4.co/kalles-html2/html/assets/images/home-electronic/blog-thumb-02.jpg]
[themes.the4.co/kalles-html2/html/assets/images/home-electronic/blog-thumb-03.jpg]
[themes.the4.co/kalles-html2/html/home-electric.html]
[themes.the4.co/kalles-html2/html/assets/images/home-electronic-vertical/pr-01-80x.jpg]
[themes.the4.co/kalles-html2/html/assets/images/home-electronic-vertical/pr-02-80x.jpg]
[themes.the4.co/kalles-html2/html/assets/images/home-electronic-vertical/pr-03-80x.jpg]
[themes.the4.co/kalles-html2/html/assets/images/home-electronic-vertical/pr-04-80x.jpg]
[themes.the4.co/kalles-html2/html/assets/images/home-electronic-vertical/pr-05-80x.jpg]
[themes.the4.co/kalles-html2/html/assets/images/home-electronic-vertical/slide-banner.jpg]
[themes.the4.co/kalles-html2/html/assets/images/home-electronic-vertical/cat-audio.jpg]
[themes.the4.co/kalles-html2/html/assets/images/home-electronic-vertical/cat-speaker.jpg]
[themes.the4.co/kalles-html2/html/assets/images/home-electronic-vertical/cat-hi-end.jpg]
[themes.the4.co/kalles-html2/html/home-electric-vertical.html]
[themes.the4.co/kalles-html2/html/assets/images/home-digital/megamenu-bg.jpg]
[themes.the4.co/kalles-html2/html/shop-filter-options.html]
[themes.the4.co/kalles-html2/html/assets/images/home-digital/main-slide.jpg]
[themes.the4.co/kalles-html2/html/assets/images/home-digital/shp-inf-01.png]
[themes.the4.co/kalles-html2/html/assets/images/home-digital/shp-inf-02.png]
[themes.the4.co/kalles-html2/html/assets/images/home-digital/shp-inf-03.png]
[themes.the4.co/kalles-html2/html/assets/images/home-digital/grid-banner-01.jpg]
[themes.the4.co/kalles-html2/html/assets/images/home-digital/grid-banner-02.jpg]
[themes.the4.co/kalles-html2/html/assets/images/home-digital/grid-banner-03.jpg]
[themes.the4.co/kalles-html2/html/assets/images/home-digital/grid-banner-04.jpg]
[themes.the4.co/kalles-html2/html/assets/images/home-digital/banner-countdown-left.jpg]
[themes.the4.co/kalles-html2/html/assets/images/home-digital/banner-countdown-right.jpg]
[themes.the4.co/kalles-html2/html/assets/images/home-digital/blog-01.jpg]
[themes.the4.co/kalles-html2/html/assets/images/home-digital/blog-02.jpg]
[themes.the4.co/kalles-html2/html/assets/images/home-digital/blog-03.jpg]
[themes.the4.co/kalles-html2/html/assets/images/home-digital/footer-award.png]
[themes.the4.co/kalles-html2/html/assets/images/home-digital/footer-payment.png]
[themes.the4.co/kalles-html2/html/home-digital.html]
[themes.the4.co/kalles-html2/html/assets/images/home-one-product-store/header-logo-01.png]
[themes.the4.co/kalles-html2/html/assets/images/home-one-product-store/mega-menu-banner.jpg]
[themes.the4.co/kalles-html2/html/assets/images/home-one-product-store/pr-01.jpg]
[themes.the4.co/kalles-html2/html/assets/images/home-one-product-store/pr-03.jpg]
[themes.the4.co/kalles-html2/html/assets/images/home-one-product-store/slide-01.jpg]
[themes.the4.co/kalles-html2/html/assets/images/home-one-product-store/banner-1.jpg]
[themes.the4.co/kalles-html2/html/assets/images/home-one-product-store/banner-2.jpg]
[themes.the4.co/kalles-html2/html/assets/images/home-one-product-store/slide-second-item.png]
[themes.the4.co/kalles-html2/html/assets/images/home-one-product-store/slide-fourth-desktop.jpg]
[themes.the4.co/kalles-html2/html/assets/images/home-one-product-store/double-slide-01.jpg]
[themes.the4.co/kalles-html2/html/assets/images/home-one-product-store/double-slide-02.jpg]
[themes.the4.co/kalles-html2/html/assets/images/home-one-product-store/banner-list-desktop.jpg]
[themes.the4.co/kalles-html2/html/assets/images/home-one-product-store/user-01.jpg]
[themes.the4.co/kalles-html2/html/assets/images/home-one-product-store/user-02.jpg]
[themes.the4.co/kalles-html2/html/home-one-product-store.html]
[themes.the4.co/kalles-html2/html/assets/images/home-hand-made/pr-01.jpg]
[themes.the4.co/kalles-html2/html/assets/images/home-hand-made/pr-02.jpg]
[themes.the4.co/kalles-html2/html/assets/images/home-hand-made/pr-04.jpg]
[themes.the4.co/kalles-html2/html/assets/images/home-hand-made/slide-01.png]
[themes.the4.co/kalles-html2/html/assets/images/home-hand-made/slide-02.jpg]
[themes.the4.co/kalles-html2/html/assets/images/home-hand-made/slide-03.jpg]
[themes.the4.co/kalles-html2/html/assets/images/home-hand-made/grid-banner-01.png]
[themes.the4.co/kalles-html2/html/assets/images/home-hand-made/grid-banner-02.jpg]
[themes.the4.co/kalles-html2/html/assets/images/home-hand-made/grid-banner-03.jpg]
[themes.the4.co/kalles-html2/html/assets/images/home-hand-made/grid-banner-04.jpg]
[themes.the4.co/kalles-html2/html/assets/images/home-hand-made/grid-banner-05.jpg]
[themes.the4.co/kalles-html2/html/assets/images/home-hand-made/grid-banner-06.jpg]
[themes.the4.co/kalles-html2/html/assets/images/home-hand-made/cat-circular-01.png]
[themes.the4.co/kalles-html2/html/assets/images/home-hand-made/cat-circular-02.png]
[themes.the4.co/kalles-html2/html/assets/images/home-hand-made/cat-circular-03.png]
[themes.the4.co/kalles-html2/html/assets/images/home-hand-made/cat-circular-04.png]
[themes.the4.co/kalles-html2/html/assets/images/home-hand-made/cat-circular-05.png]
[themes.the4.co/kalles-html2/html/assets/images/home-hand-made/blog-01.jpg]
[themes.the4.co/kalles-html2/html/assets/images/home-hand-made/blog-02.jpg]
[themes.the4.co/kalles-html2/html/assets/images/home-hand-made/blog-03.jpg]
[themes.the4.co/kalles-html2/html/assets/images/home-hand-made/blog-04.jpg]
[themes.the4.co/kalles-html2/html/assets/images/home-hand-made/payment-icon-01.svg]
[themes.the4.co/kalles-html2/html/assets/images/home-hand-made/payment-icon-02.svg]
[themes.the4.co/kalles-html2/html/assets/images/home-hand-made/payment-icon-03.svg]
[themes.the4.co/kalles-html2/html/assets/images/home-hand-made/payment-icon-04.svg]
[themes.the4.co/kalles-html2/html/assets/images/home-hand-made/payment-icon-05.svg]
[themes.the4.co/kalles-html2/html/home-handmade.html]
[themes.the4.co/kalles-html2/html/assets/images/home-hand-made/payment-icon-06.svg]
[themes.the4.co/kalles-html2/html/assets/images/home-fashion-trend/megamenu-banner.jpg]
[themes.the4.co/kalles-html2/html/assets/images/home-fashion-trend/slide-top.jpg]
[themes.the4.co/kalles-html2/html/assets/images/home-fashion-trend/slide-left.jpg]
[themes.the4.co/kalles-html2/html/assets/images/home-fashion-trend/slide-right.jpg]
[themes.the4.co/kalles-html2/html/assets/images/home-fashion-trend/pr-17.jpg]
[themes.the4.co/kalles-html2/html/assets/images/home-fashion-trend/pr-18.jpg]
[themes.the4.co/kalles-html2/html/assets/images/home-fashion-trend/pr-09.jpg]
[themes.the4.co/kalles-html2/html/assets/images/home-fashion-trend/pr-10.jpg]
[themes.the4.co/kalles-html2/html/assets/images/home-fashion-trend/blog-01.jpg]
[themes.the4.co/kalles-html2/html/assets/images/home-fashion-trend/blog-02.jpg]
[themes.the4.co/kalles-html2/html/assets/images/home-fashion-trend/blog-03.jpg]
[themes.the4.co/kalles-html2/html/assets/images/home-fashion-trend/inst-01.jpg]
[themes.the4.co/kalles-html2/html/assets/images/home-fashion-trend/inst-02.jpg]
[themes.the4.co/kalles-html2/html/assets/images/home-fashion-trend/inst-03.jpg]
[themes.the4.co/kalles-html2/html/assets/images/home-fashion-trend/inst-04.jpg]
[themes.the4.co/kalles-html2/html/assets/images/home-fashion-trend/inst-05.jpg]
[themes.the4.co/kalles-html2/html/assets/images/home-fashion-trend/inst-06.jpg]
[themes.the4.co/kalles-html2/html/assets/images/home-fashion-trend/inst-07.jpg]
[themes.the4.co/kalles-html2/html/assets/images/home-fashion-trend/inst-08.jpg]
[themes.the4.co/kalles-html2/html/home-fashion-trend.html]
[themes.the4.co/kalles-html2/html/_https_/themes.the4.co/kalles-html/assets/images/home-kids/body-bg.jpg_]
[themes.the4.co/kalles-html2/html/assets/images/home-kids/megamenu-cat-01.jpg]
[themes.the4.co/kalles-html2/html/assets/images/home-kids/megamenu-cat-02.jpg]
[themes.the4.co/kalles-html2/html/assets/images/home-kids/slide-bg-01.jpg]
[themes.the4.co/kalles-html2/html/assets/images/home-kids/slide-bg-02.jpg]
[themes.the4.co/kalles-html2/html/assets/images/home-kids/banner-01.png]
[themes.the4.co/kalles-html2/html/assets/images/home-kids/banner-02.png]
[themes.the4.co/kalles-html2/html/assets/images/home-kids/thumb-01.jpg]
[themes.the4.co/kalles-html2/html/assets/images/home-kids/thumb-02.jpg]
[themes.the4.co/kalles-html2/html/assets/images/home-kids/thumb-03.jpg]
[themes.the4.co/kalles-html2/html/assets/images/home-kids/thumb-04.jpg]
[themes.the4.co/kalles-html2/html/assets/images/home-kids/thumb-05.jpg]
[themes.the4.co/kalles-html2/html/assets/images/home-kids/thumb-06.jpg]
[themes.the4.co/kalles-html2/html/assets/images/single-product/trust_img2.png]
[themes.the4.co/kalles-html2/html/assets/images/home-kids/pin-map-banner.jpg]
[themes.the4.co/kalles-html2/html/assets/images/home-kids/banner-04.png]
[themes.the4.co/kalles-html2/html/assets/images/home-kids/banner-05.png]
[themes.the4.co/kalles-html2/html/assets/images/home-kids/pr-21.jpg]
[themes.the4.co/kalles-html2/html/assets/images/home-kids/pr-26.jpg]
[themes.the4.co/kalles-html2/html/assets/images/home-kids/pr-25.jpg]
[themes.the4.co/kalles-html2/html/assets/images/home-kids/pr-27.jpg]
[themes.the4.co/kalles-html2/html/assets/images/home-kids/pr-15.jpg]
[themes.the4.co/kalles-html2/html/assets/images/home-kids/pr-13.jpg]
[themes.the4.co/kalles-html2/html/assets/images/home-kids/tab-dot-dark-blue.jpg]
[themes.the4.co/kalles-html2/html/assets/images/home-kids/tab-dot-stripe-lines.jpg]
[themes.the4.co/kalles-html2/html/assets/images/home-kids/tab-dot-nude.jpg]
[themes.the4.co/kalles-html2/html/assets/images/home-kids/tab-dot-grey.jpg]
[themes.the4.co/kalles-html2/html/assets/images/home-kids/blog-post-01.jpg]
[themes.the4.co/kalles-html2/html/assets/images/home-kids/blog-post-02.jpg]
[themes.the4.co/kalles-html2/html/assets/images/home-kids/blog-post-03.jpg]
[themes.the4.co/kalles-html2/html/assets/images/home-kids/newsletter-bg.png]
[themes.the4.co/kalles-html2/html/home-kids.html]
[themes.the4.co/kalles-html2/html/assets/images/home-sport/megamenu-01.jpg]
[themes.the4.co/kalles-html2/html/assets/images/home-sport/megamenu-02.jpg]
[themes.the4.co/kalles-html2/html/assets/images/home-sport/pr-01.jpg]
[themes.the4.co/kalles-html2/html/assets/images/home-sport/pr-02.jpg]
[themes.the4.co/kalles-html2/html/assets/images/home-sport/pr-11.jpg]
[themes.the4.co/kalles-html2/html/assets/images/home-sport/pr-05.jpg]
[themes.the4.co/kalles-html2/html/assets/images/home-sport/pr-06.jpg]
[themes.the4.co/kalles-html2/html/assets/images/home-sport/slide-01.jpg]
[themes.the4.co/kalles-html2/html/assets/images/home-sport/slide-02.jpg]
[themes.the4.co/kalles-html2/html/assets/images/home-sport/slide-03.jpg]
[themes.the4.co/kalles-html2/html/assets/images/home-sport/banner-collection-01.jpg]
[themes.the4.co/kalles-html2/html/assets/images/home-sport/banner-collection-02.jpg]
[themes.the4.co/kalles-html2/html/assets/images/home-sport/banner-collection-03.jpg]
[themes.the4.co/kalles-html2/html/assets/images/home-sport/pr-04.jpg]
[themes.the4.co/kalles-html2/html/assets/images/home-sport/pr-12.jpg]
[themes.the4.co/kalles-html2/html/assets/images/home-sport/pr-10.jpg]
[themes.the4.co/kalles-html2/html/assets/images/home-sport/pr-09.jpg]
[themes.the4.co/kalles-html2/html/assets/images/home-sport/pr-14.jpg]
[themes.the4.co/kalles-html2/html/assets/images/home-sport/pr-13.jpg]
[themes.the4.co/kalles-html2/html/assets/images/home-sport/full-width-banner-desktop.jpg]
[themes.the4.co/kalles-html2/html/assets/images/home-sport/blog-01.jpg]
[themes.the4.co/kalles-html2/html/assets/images/home-sport/blog-02.jpg]
[themes.the4.co/kalles-html2/html/assets/images/home-sport/blog-03.jpg]
[themes.the4.co/kalles-html2/html/home-sport.html]
[themes.the4.co/kalles-html2/html/assets/images/home-jewelry/mega-shop-01.jpg]
[themes.the4.co/kalles-html2/html/assets/images/home-jewelry/mega-shop-02.jpg]
[themes.the4.co/kalles-html2/html/assets/images/home-jewelry/pr-01.jpg]
[themes.the4.co/kalles-html2/html/assets/images/home-jewelry/pr-03.jpg]
[themes.the4.co/kalles-html2/html/assets/images/home-jewelry/main-slide-01.jpg]
[themes.the4.co/kalles-html2/html/assets/images/home-jewelry/main-slide-02.jpg]
[themes.the4.co/kalles-html2/html/assets/images/home-jewelry/banner-collection-01.png]
[themes.the4.co/kalles-html2/html/assets/images/home-jewelry/banner-collection-05.png]
[themes.the4.co/kalles-html2/html/assets/images/home-jewelry/banner-collection-02.png]
[themes.the4.co/kalles-html2/html/assets/images/home-jewelry/banner-collection-04.png]
[themes.the4.co/kalles-html2/html/assets/images/home-jewelry/banner-collection-03.png]
[themes.the4.co/kalles-html2/html/assets/images/home-jewelry/pr-17.jpg]
[themes.the4.co/kalles-html2/html/assets/images/home-jewelry/pr-18.jpg]
[themes.the4.co/kalles-html2/html/assets/images/home-jewelry/pr-19.jpg]
[themes.the4.co/kalles-html2/html/assets/images/home-jewelry/pr-20.jpg]
[themes.the4.co/kalles-html2/html/assets/images/home-jewelry/pr-31.jpg]
[themes.the4.co/kalles-html2/html/assets/images/home-jewelry/pr-32.jpg]
[themes.the4.co/kalles-html2/html/assets/images/home-jewelry/pr-33.jpg]
[themes.the4.co/kalles-html2/html/assets/images/home-jewelry/pr-21.jpg]
[themes.the4.co/kalles-html2/html/assets/images/home-jewelry/pr-22.jpg]
[themes.the4.co/kalles-html2/html/assets/images/home-jewelry/pr-23.jpg]
[themes.the4.co/kalles-html2/html/assets/images/home-jewelry/pr-24.jpg]
[themes.the4.co/kalles-html2/html/assets/images/home-jewelry/pr-34.jpg]
[themes.the4.co/kalles-html2/html/assets/images/home-jewelry/pr-25.jpg]
[themes.the4.co/kalles-html2/html/assets/images/home-jewelry/pr-26.jpg]
[themes.the4.co/kalles-html2/html/assets/images/home-jewelry/pr-27.jpg]
[themes.the4.co/kalles-html2/html/assets/images/home-jewelry/pr-28.jpg]
[themes.the4.co/kalles-html2/html/assets/images/home-jewelry/pr-35.jpg]
[themes.the4.co/kalles-html2/html/assets/images/home-jewelry/pr-36.jpg]
[themes.the4.co/kalles-html2/html/assets/images/home-jewelry/pr-29.jpg]
[themes.the4.co/kalles-html2/html/assets/images/home-jewelry/pr-30.jpg]
[themes.the4.co/kalles-html2/html/assets/images/home-jewelry/pr-37.jpg]
[themes.the4.co/kalles-html2/html/assets/images/home-jewelry/pr-38.jpg]
[themes.the4.co/kalles-html2/html/assets/images/home-jewelry/pr-39.jpg]
[themes.the4.co/kalles-html2/html/assets/images/home-jewelry/pr-40.jpg]
[themes.the4.co/kalles-html2/html/assets/images/home-jewelry/banner-promotion-01.jpg]
[themes.the4.co/kalles-html2/html/assets/images/home-jewelry/banner-promotion-02.jpg]
[themes.the4.co/kalles-html2/html/assets/images/home-jewelry/pr-41.jpg]
[themes.the4.co/kalles-html2/html/assets/images/home-jewelry/pr-42.jpg]
[themes.the4.co/kalles-html2/html/assets/images/home-jewelry/pr-57.jpg]
[themes.the4.co/kalles-html2/html/assets/images/home-jewelry/pr-58.jpg]
[themes.the4.co/kalles-html2/html/assets/images/home-jewelry/pr-43.jpg]
[themes.the4.co/kalles-html2/html/assets/images/home-jewelry/pr-44.jpg]
[themes.the4.co/kalles-html2/html/assets/images/home-jewelry/pr-59.jpg]
[themes.the4.co/kalles-html2/html/assets/images/home-jewelry/pr-45.jpg]
[themes.the4.co/kalles-html2/html/assets/images/home-jewelry/pr-46.jpg]
[themes.the4.co/kalles-html2/html/assets/images/home-jewelry/pr-47.jpg]
[themes.the4.co/kalles-html2/html/assets/images/home-jewelry/pr-48.jpg]
[themes.the4.co/kalles-html2/html/assets/images/home-jewelry/pr-60.jpg]
[themes.the4.co/kalles-html2/html/assets/images/home-jewelry/pr-61.jpg]
[themes.the4.co/kalles-html2/html/assets/images/home-jewelry/pr-62.jpg]
[themes.the4.co/kalles-html2/html/assets/images/home-jewelry/pr-49.jpg]
[themes.the4.co/kalles-html2/html/assets/images/home-jewelry/pr-50.jpg]
[themes.the4.co/kalles-html2/html/assets/images/home-jewelry/pr-51.jpg]
[themes.the4.co/kalles-html2/html/assets/images/home-jewelry/pr-52.jpg]
[themes.the4.co/kalles-html2/html/assets/images/home-jewelry/pr-55.jpg]
[themes.the4.co/kalles-html2/html/assets/images/home-jewelry/pr-56.jpg]
[themes.the4.co/kalles-html2/html/assets/images/home-jewelry/pr-65.jpg]
[themes.the4.co/kalles-html2/html/assets/images/home-jewelry/pr-66.jpg]
[themes.the4.co/kalles-html2/html/assets/images/home-jewelry/blog-01.jpg]
[themes.the4.co/kalles-html2/html/assets/images/home-jewelry/blog-02.jpg]
[themes.the4.co/kalles-html2/html/assets/images/home-jewelry/blog-03.jpg]
[themes.the4.co/kalles-html2/html/assets/images/home-jewelry/instagram-01.jpg]
[themes.the4.co/kalles-html2/html/assets/images/home-jewelry/instagram-02.jpg]
[themes.the4.co/kalles-html2/html/assets/images/home-jewelry/instagram-03.jpg]
[themes.the4.co/kalles-html2/html/assets/images/home-jewelry/instagram-04.jpg]
[themes.the4.co/kalles-html2/html/assets/images/home-jewelry/instagram-05.jpg]
[themes.the4.co/kalles-html2/html/assets/images/home-jewelry/instagram-06.jpg]
[themes.the4.co/kalles-html2/html/home-jewelry.html]
[themes.the4.co/kalles-html2/html/assets/images/home-header-01/women-cat.jpg]
[themes.the4.co/kalles-html2/html/home-header-01.html]
[themes.the4.co/kalles-html2/html/assets/images/megamenu/bn-01.jpg]
[themes.the4.co/kalles-html2/html/home-header-02.html]
[themes.the4.co/kalles-html2/html/home-header-04.html]
[themes.the4.co/kalles-html2/html/home-header-06.html]
[themes.the4.co/kalles-html2/html/assets/libs/nouislider/nouislider.min.css]
[themes.the4.co/kalles-html2/html/assets/libs/wnumb/wNumb.js]
[themes.the4.co/kalles-html2/html/shop-filter-sidebar.html]
[themes.the4.co/kalles-html2/html/home-age-verified.html]
[themes.the4.co/kalles-html2/html/assets/libs/nouislider/nouislider.js]
[themes.the4.co/kalles-html2/html/assets/images/products/pr-18.jpg]
[themes.the4.co/kalles-html2/html/shop-right-sidebar.html]
[themes.the4.co/kalles-html2/html/shop-hidden-sidebar.html]
[themes.the4.co/kalles-html2/html/assets/images/shopping-cart/shopping-cart-head.jpg]
[themes.the4.co/kalles-html2/html/assets/images/shopping-cart/visa.svg]
[themes.the4.co/kalles-html2/html/assets/images/shopping-cart/mastercard.svg]
[themes.the4.co/kalles-html2/html/assets/images/shopping-cart/amex.svg]
[themes.the4.co/kalles-html2/html/assets/images/shopping-cart/discover.svg]
[themes.the4.co/kalles-html2/html/assets/images/shopping-cart/diners.svg]
[themes.the4.co/kalles-html2/html/checkout.html]
[themes.the4.co/kalles-html2/html/assets/images/shopping-cart/jcb.svg]
[themes.the4.co/kalles-html2/html/assets/images/single-product/layout-02/full-size-01.jpg]
[themes.the4.co/kalles-html2/html/assets/images/single-product/layout-02/thumb-02.jpg]
[themes.the4.co/kalles-html2/html/assets/images/single-product/layout-02/thumb-03.jpg]
[themes.the4.co/kalles-html2/html/assets/images/single-product/layout-02/thumb-04.jpg]
[themes.the4.co/kalles-html2/html/assets/images/products/thumb-01.jpg]
[themes.the4.co/kalles-html2/html/assets/images/products/fbt_thumb-02.jpg]
[themes.the4.co/kalles-html2/html/assets/images/products/fbt_thumb-03.jpg]
[themes.the4.co/kalles-html2/html/assets/images/products/fbt_thumb-04.jpg]
[themes.the4.co/kalles-html2/html/assets/images/single-product/layout-02/full-size-03.jpg]
[themes.the4.co/kalles-html2/html/assets/images/single-product/layout-02/full-size-02.jpg]
[themes.the4.co/kalles-html2/html/assets/images/single-product/water-resistant.png]
[themes.the4.co/kalles-html2/html/assets/images/single-product/uv-resistant.png]
[themes.the4.co/kalles-html2/html/assets/images/single-product/corrosion-resistance.png]
[themes.the4.co/kalles-html2/html/assets/images/single-product/athun.png]
[themes.the4.co/kalles-html2/html/assets/images/single-product/lead-free.png]
[themes.the4.co/kalles-html2/html/assets/images/single-product/resistant-to-spills.png]
[themes.the4.co/kalles-html2/html/assets/images/single-product/recyclable.png]
[themes.the4.co/kalles-html2/html/product-detail-frequently-bought-together.html]
[themes.the4.co/kalles-html2/html/assets/images/single-product/variant-images-grouped/thumb-01.jpg]
[themes.the4.co/kalles-html2/html/assets/images/single-product/variant-images-grouped/thumb-02.jpg]
[themes.the4.co/kalles-html2/html/assets/images/single-product/variant-images-grouped/thumb-03.jpg]
[themes.the4.co/kalles-html2/html/assets/images/single-product/variant-images-grouped/fbt_thumb-01.jpg]
[themes.the4.co/kalles-html2/html/assets/images/single-product/variant-images-grouped/thumb-sticky.jpg]
[themes.the4.co/kalles-html2/html/product-detail-variant-images-grouped.html]
[themes.the4.co/kalles-html2/html/home-rtl.html]
[themes.the4.co/kalles-html2/html/assets/images/home-shoes/pr-14.jpg]
[themes.the4.co/kalles-html2/html/assets/images/home-shoes/pr-15.jpg]
[themes.the4.co/kalles-html2/html/shop-grid-list-switcher.html]
[themes.the4.co/kalles-html2/html/assets/css/magiczoomplus.css]
[themes.the4.co/kalles-html2/html/assets/images/single-product/pickup-availability/thumb-01.jpg]
[themes.the4.co/kalles-html2/html/assets/images/single-product/pickup-availability/thumb-02.jpg]
[themes.the4.co/kalles-html2/html/assets/images/single-product/pickup-availability/thumb-03.jpg]
[themes.the4.co/kalles-html2/html/assets/images/single-product/pickup-availability/thumb-04.jpg]
[themes.the4.co/kalles-html2/html/assets/images/single-product/icon-down.svg]
[themes.the4.co/kalles-html2/html/assets/images/single-product/pickup-availability/thumb-sticky.jpg]
[themes.the4.co/kalles-html2/html/product-detail-pickup-availability.html]
[themes.the4.co/kalles-html2/html/assets/images/home-metro/pr-q12.jpg]
[themes.the4.co/kalles-html2/html/assets/images/home-metro/pr-q14.jpg]
[themes.the4.co/kalles-html2/html/assets/images/home-classic/pr-19.jpg]
[themes.the4.co/kalles-html2/html/shop-packery-layout.html]
[themes.the4.co/kalles-html2/html/shop-masonry-layout.html]
[themes.the4.co/kalles-html2/html/shop-full-width-layout.html]
[themes.the4.co/kalles-html2/html/shop-1600px-layout.html]
[themes.the4.co/kalles-html2/html/shop-left-sidebar.html]
[themes.the4.co/kalles-html2/html/assets/images/shopping-cart/thumb-01.jpg]
[themes.the4.co/kalles-html2/html/assets/images/shopping-cart/thumb-02.png]
[themes.the4.co/kalles-html2/html/assets/images/shopping-cart/cart_image.png]
[themes.the4.co/kalles-html2/html/shopping-cart.html]
[themes.the4.co/kalles-html2/html/shop-load-more.html]
[themes.the4.co/kalles-html2/html/assets/images/shop/collection-list/bg-heading.jpg]
[themes.the4.co/kalles-html2/html/assets/images/shop/collection-list/cat-01.jpg]
[themes.the4.co/kalles-html2/html/assets/images/shop/collection-list/cat-02.jpg]
[themes.the4.co/kalles-html2/html/assets/images/shop/collection-list/cat-03.jpg]
[themes.the4.co/kalles-html2/html/assets/images/shop/collection-list/cat-04.jpg]
[themes.the4.co/kalles-html2/html/assets/images/shop/collection-list/cat-05.jpg]
[themes.the4.co/kalles-html2/html/assets/images/shop/collection-list/cat-06.jpg]
[themes.the4.co/kalles-html2/html/shop-collection.html]
[themes.the4.co/kalles-html2/html/assets/images/products/pr-42.jpg]
[themes.the4.co/kalles-html2/html/assets/images/products/pr-43.jpg]
[themes.the4.co/kalles-html2/html/assets/images/products/pr-44.jpg]
[themes.the4.co/kalles-html2/html/assets/images/single-product/des-01.jpg]
[themes.the4.co/kalles-html2/html/assets/images/single-product/des-02.jpg]
[themes.the4.co/kalles-html2/html/assets/images/single-product/des-03.jpg]
[s3-us-west-2.amazonaws.com/s.cdpn.io/164071/Drift.min.js]
[themes.the4.co/kalles-html2/html/product-detail-layout-01.html]
[themes.the4.co/kalles-html2/html/assets/images/products/thumb-02.jpg]
[themes.the4.co/kalles-html2/html/assets/images/products/thumb-03.jpg]
[themes.the4.co/kalles-html2/html/assets/images/products/thumb-04.jpg]
[themes.the4.co/kalles-html2/html/product-detail-layout-02.html]
[themes.the4.co/kalles-html2/html/assets/images/products/pr-25.png]
[themes.the4.co/kalles-html2/html/assets/images/products/pr-26.png]
[themes.the4.co/kalles-html2/html/product-detail-layout-03.html]
[themes.the4.co/kalles-html2/html/assets/images/products/thumb-05.jpg]
[themes.the4.co/kalles-html2/html/assets/images/products/thumb-06.jpg]
[themes.the4.co/kalles-html2/html/assets/images/products/dot-01.jpg]
[themes.the4.co/kalles-html2/html/assets/images/products/dot-02.jpg]
[themes.the4.co/kalles-html2/html/product-detail-thumb-bottom.html]
[themes.the4.co/kalles-html2/html/assets/images/single-product/thumb-right/pr-10.jpg]
[themes.the4.co/kalles-html2/html/assets/images/single-product/thumb-right/thumb-02.jpg]
[themes.the4.co/kalles-html2/html/assets/images/single-product/thumb-right/thumb-03.jpg]
[themes.the4.co/kalles-html2/html/assets/images/single-product/thumb-right/pr-09.jpg]
[themes.the4.co/kalles-html2/html/assets/images/single-product/thumb-right/thumb-05.jpg]
[themes.the4.co/kalles-html2/html/assets/images/single-product/thumb-right/thumb-06.jpg]
[themes.the4.co/kalles-html2/html/assets/images/single-product/thumb-right/thumb-07.jpg]
[themes.the4.co/kalles-html2/html/assets/images/single-product/thumb-right/thumb-08.jpg]
[themes.the4.co/kalles-html2/html/assets/images/single-product/thumb-right/thumb-09.jpg]
[themes.the4.co/kalles-html2/html/assets/images/single-product/thumb-right/thumb-10.jpg]
[themes.the4.co/kalles-html2/html/product-detail-thumb-right.html]
[themes.the4.co/kalles-html2/html/assets/images/single-product/without-thumbnail/thumb-02.jpg]
[themes.the4.co/kalles-html2/html/assets/images/single-product/without-thumbnail/thumb-03.jpg]
[themes.the4.co/kalles-html2/html/assets/images/single-product/without-thumbnail/thumb-01.jpg]
[themes.the4.co/kalles-html2/html/product-detail-without-thumbnail.html]
[themes.the4.co/kalles-html2/html/assets/images/single-product/left-sidebar/thumb-01.jpg]
[themes.the4.co/kalles-html2/html/assets/images/single-product/left-sidebar/thumb-02.jpg]
[themes.the4.co/kalles-html2/html/assets/images/single-product/left-sidebar/thumb-03.jpg]
[themes.the4.co/kalles-html2/html/assets/images/single-product/left-sidebar/thumb-04.jpg]
[themes.the4.co/kalles-html2/html/assets/images/single-product/left-sidebar/thumb-05.jpg]
[themes.the4.co/kalles-html2/html/assets/images/single-product/left-sidebar/thumb-06.jpg]
[themes.the4.co/kalles-html2/html/product-detail-left-sidebar.html]
[themes.the4.co/kalles-html2/html/assets/images/single-product/right-sidebar/thumb-01.jpg]
[themes.the4.co/kalles-html2/html/assets/images/single-product/right-sidebar/thumb-02.jpg]
[themes.the4.co/kalles-html2/html/assets/images/single-product/right-sidebar/thumb-03.jpg]
[themes.the4.co/kalles-html2/html/assets/images/single-product/right-sidebar/thumb-04.jpg]
[themes.the4.co/kalles-html2/html/product-detail-right-sidebar.html]
[themes.the4.co/kalles-html2/html/assets/images/blog-page/pr-thumbnail-01.jpg]
[themes.the4.co/kalles-html2/html/assets/images/blog-page/pr-thumbnail-02.jpg]
[themes.the4.co/kalles-html2/html/assets/images/blog-page/pr-thumbnail-03.jpg]
[themes.the4.co/kalles-html2/html/assets/images/blog-page/blog-thumbnail-01.jpg]
[themes.the4.co/kalles-html2/html/assets/images/blog-page/blog-thumbnail-02.jpg]
[themes.the4.co/kalles-html2/html/assets/images/blog-page/blog-thumbnail-03.jpg]
[themes.the4.co/kalles-html2/html/assets/images/single-product/sidebar-full-height/thumb-01.png]
[themes.the4.co/kalles-html2/html/assets/images/single-product/sidebar-full-height/thumb-02.png]
[themes.the4.co/kalles-html2/html/assets/images/single-product/sidebar-full-height/thumb-03.png]
[themes.the4.co/kalles-html2/html/assets/images/single-product/sidebar-full-height/thumb-04.png]
[themes.the4.co/kalles-html2/html/product-detail-sidebar-full-height.html]
[themes.the4.co/kalles-html2/html/assets/images/single-product/tab-accordion/thumb-01.jpg]
[themes.the4.co/kalles-html2/html/assets/images/single-product/tab-accordion/thumb-02.jpg]
[themes.the4.co/kalles-html2/html/assets/images/single-product/tab-accordion/thumb-03.jpg]
[themes.the4.co/kalles-html2/html/assets/images/single-product/cart_image.png]
[themes.the4.co/kalles-html2/html/assets/images/single-product/tab-accordion/thumb-sticky.jpg]
[themes.the4.co/kalles-html2/html/product-detail-tab-accordion.html]
[themes.the4.co/kalles-html2/html/assets/images/single-product/full-width-atc/thumb-01.jpg]
[themes.the4.co/kalles-html2/html/assets/images/single-product/full-width-atc/thumb-02.jpg]
[themes.the4.co/kalles-html2/html/assets/images/single-product/full-width-atc/thumb-03.jpg]
[themes.the4.co/kalles-html2/html/assets/images/single-product/layout-02/fbt_thumb-01.jpg]
[themes.the4.co/kalles-html2/html/product-detail-full-width-atc.html]
[themes.the4.co/kalles-html2/html/assets/images/single-product/full-width/thumb-01.jpg]
[themes.the4.co/kalles-html2/html/assets/images/single-product/full-width/thumb-02.jpg]
[themes.the4.co/kalles-html2/html/assets/images/single-product/full-width/thumb-03.jpg]
[themes.the4.co/kalles-html2/html/product-detail-full-width.html]
[themes.the4.co/kalles-html2/html/assets/images/single-product/advance-product-type/full-size-01.jpg]
[themes.the4.co/kalles-html2/html/assets/images/single-product/advance-product-type/full-size-02.jpg]
[themes.the4.co/kalles-html2/html/assets/images/single-product/advance-product-type/full-size-03.jpg]
[themes.the4.co/kalles-html2/html/assets/images/single-product/advance-product-type/full-size-04.jpg]
[themes.the4.co/kalles-html2/html/assets/images/single-product/advance-product-type/advance-type-01.jpg]
[themes.the4.co/kalles-html2/html/assets/images/single-product/advance-product-type/advance-type-03.jpg]
[themes.the4.co/kalles-html2/html/assets/images/single-product/advance-product-type/advance-type-05.jpg]
[themes.the4.co/kalles-html2/html/assets/images/single-product/advance-product-type/thumb-sticky.jpg]
[themes.the4.co/kalles-html2/html/product-detail-advance-product-type.html]
[themes.the4.co/kalles-html2/html/assets/images/single-product/external-affiliate/thumb-01.jpg]
[themes.the4.co/kalles-html2/html/assets/images/single-product/external-affiliate/thumb-02.jpg]
[themes.the4.co/kalles-html2/html/assets/images/single-product/external-affiliate/thumb-03.jpg]
[themes.the4.co/kalles-html2/html/assets/images/single-product/external-affiliate/thumb-04.jpg]
[themes.the4.co/kalles-html2/html/product-detail-external-affiliate.html]
[themes.the4.co/kalles-html2/html/assets/images/single-product/simple-product/thumb-01.jpg]
[themes.the4.co/kalles-html2/html/assets/images/single-product/simple-product/thumb-02.jpg]
[themes.the4.co/kalles-html2/html/assets/images/single-product/simple-product/thumb-03.jpg]
[themes.the4.co/kalles-html2/html/product-detail-simple-product.html]
[themes.the4.co/kalles-html2/html/assets/images/single-product/grouped-products/thumb-01.jpg]
[themes.the4.co/kalles-html2/html/assets/images/single-product/grouped-products/thumb-02.jpg]
[themes.the4.co/kalles-html2/html/assets/images/single-product/grouped-products/thumb-03.jpg]
[themes.the4.co/kalles-html2/html/assets/images/single-product/grouped-products/thumb-04.jpg]
[themes.the4.co/kalles-html2/html/assets/images/single-product/grouped-products/grouped-01.jpg]
[themes.the4.co/kalles-html2/html/assets/images/single-product/grouped-products/grouped-02.jpg]
[themes.the4.co/kalles-html2/html/assets/images/single-product/grouped-products/grouped-03.jpg]
[themes.the4.co/kalles-html2/html/assets/images/single-product/grouped-products/grouped-04.jpg]
[themes.the4.co/kalles-html2/html/assets/images/single-product/grouped-products/thumb-sticky.jpg]
[themes.the4.co/kalles-html2/html/product-detail-grouped-product.html]
[themes.the4.co/kalles-html2/html/assets/images/single-product/description-with-product/thumb-01.jpg]
[themes.the4.co/kalles-html2/html/assets/images/single-product/description-with-product/thumb-02.jpg]
[themes.the4.co/kalles-html2/html/assets/images/single-product/description-with-product/thumb-03.jpg]
[themes.the4.co/kalles-html2/html/assets/images/single-product/description-with-product/thumb-04.jpg]
[themes.the4.co/kalles-html2/html/product-detail-description-with-product.html]
[themes.the4.co/kalles-html2/html/assets/images/single-product/simple-product/thumb-sticky.jpg]
[themes.the4.co/kalles-html2/html/product-detail-description-with-instagram-shop.html]
[themes.the4.co/kalles-html2/html/assets/images/single-product/product-video/thumb-01.jpg]
[themes.the4.co/kalles-html2/html/assets/images/single-product/product-video/thumb-02.jpg]
[themes.the4.co/kalles-html2/html/assets/images/single-product/product-video/thumb-03.jpg]
[themes.the4.co/kalles-html2/html/assets/images/single-product/product-video/des-01.jpg]
[themes.the4.co/kalles-html2/html/assets/images/single-product/product-video/des-02.jpg]
[themes.the4.co/kalles-html2/html/assets/images/single-product/product-video/des-03.jpg]
[themes.the4.co/kalles-html2/html/assets/images/single-product/product-video/thumb-sticky.jpg]
[themes.the4.co/kalles-html2/html/product-detail-product-video.html]
[themes.the4.co/kalles-html2/html/assets/images/single-product/3d-ar-models/thumb-01.png]
[themes.the4.co/kalles-html2/html/assets/images/single-product/3d-ar-models/thumb-04.png]
[themes.the4.co/kalles-html2/html/assets/images/single-product/3d-ar-models/thumb-03.png]
[themes.the4.co/kalles-html2/html/assets/images/single-product/3d-ar-models/dance-bag.glb]
[themes.the4.co/kalles-html2/html/assets/images/single-product/3d-ar-models/thumb-sticky.png]
[themes.the4.co/kalles-html2/html/product-detail-3d-ar-models.html]
[cdn.jsdelivr.net/npm/@google/model-viewer/dist/model-viewer.min.js]
[themes.the4.co/kalles-html2/html/assets/images/swatch-color/option-grey.jpg]
[themes.the4.co/kalles-html2/html/assets/images/swatch-color/option-pink.jpg]
[themes.the4.co/kalles-html2/html/assets/images/swatch-color/option-black.jpg]
[themes.the4.co/kalles-html2/html/product-detail-swatch-color.html]
[themes.the4.co/kalles-html2/html/product-detail-swatch-radio.html]
[themes.the4.co/kalles-html2/html/product-detail-swatch-radio-color.html]
[themes.the4.co/kalles-html2/html/product-detail-swatch-rectangle.html]
[themes.the4.co/kalles-html2/html/product-detail-swatch-rectangle-color.html]
[themes.the4.co/kalles-html2/html/product-detail-swatch-simple.html]
[themes.the4.co/kalles-html2/html/product-detail-swatch-simple-color.html]
[themes.the4.co/kalles-html2/html/assets/images/single-product/pre-orders/thumb-01.jpg]
[themes.the4.co/kalles-html2/html/assets/images/single-product/pre-orders/thumb-02.jpg]
[themes.the4.co/kalles-html2/html/assets/images/single-product/pre-orders/thumb-03.jpg]
[themes.the4.co/kalles-html2/html/assets/images/single-product/pre-orders/thumb-04.jpg]
[themes.the4.co/kalles-html2/html/assets/images/single-product/pre-orders/thumb-05.jpg]
[themes.the4.co/kalles-html2/html/assets/images/single-product/pre-orders/thumb-sticky.jpg]
[themes.the4.co/kalles-html2/html/product-detail-pre-orders.html]
[themes.the4.co/kalles-html2/html/assets/images/single-product/description-with-lookbook/full-size-01.jpg]
[themes.the4.co/kalles-html2/html/assets/images/single-product/description-with-lookbook/full-size-02.jpg]
[themes.the4.co/kalles-html2/html/assets/images/single-product/description-with-lookbook/full-size-03.jpg]
[themes.the4.co/kalles-html2/html/assets/images/single-product/description-with-lookbook/thumb-sticky.jpg]
[themes.the4.co/kalles-html2/html/product-detail-description-with-lookbook.html]
[themes.the4.co/kalles-html2/html/assets/images/single-product/back-in-stock-notification/thumb-01.jpg]
[themes.the4.co/kalles-html2/html/assets/images/single-product/back-in-stock-notification/thumb-02.jpg]
[themes.the4.co/kalles-html2/html/assets/images/single-product/back-in-stock-notification/thumb-03.jpg]
[themes.the4.co/kalles-html2/html/assets/images/single-product/back-in-stock-notification/thumb-04.jpg]
[themes.the4.co/kalles-html2/html/product-detail-back-in-stock-notification.html]
[themes.the4.co/kalles-html2/html/assets/images/single-product/thumb-01.jpg]
[themes.the4.co/kalles-html2/html/assets/images/single-product/thumb-02.jpg]
[themes.the4.co/kalles-html2/html/assets/images/single-product/thumb-03.jpg]
[themes.the4.co/kalles-html2/html/assets/images/single-product/thumb-04.jpg]
[themes.the4.co/kalles-html2/html/assets/images/single-product/thumb-05.jpg]
[themes.the4.co/kalles-html2/html/assets/images/single-product/thumb-07.jpg]
[themes.the4.co/kalles-html2/html/assets/images/single-product/layout-03/thumb-sticky.png]
[themes.the4.co/kalles-html2/html/product-detail-product-sticky.html]
[themes.the4.co/kalles-html2/html/assets/images/single-product/product-360/thumb-01.jpg]
[themes.the4.co/kalles-html2/html/assets/images/single-product/product-360/thumb-02.jpg]
[themes.the4.co/kalles-html2/html/assets/images/single-product/product-360/thumb-03.jpg]
[themes.the4.co/kalles-html2/html/assets/images/single-product/product-360/thumb-04.jpg]
[themes.the4.co/kalles-html2/html/assets/images/single-product/product-360/thumb-05.jpg]
[themes.the4.co/kalles-html2/html/assets/images/single-product/product-360/spins/spin-1.jpg]
[themes.the4.co/kalles-html2/html/product-detail-360-viewer.html]
[themes.the4.co/kalles-html2/html/assets/images/portfolio/p-01.jpg]
[themes.the4.co/kalles-html2/html/assets/images/portfolio/p-03.jpg]
[themes.the4.co/kalles-html2/html/assets/images/portfolio/p-05.jpg]
[themes.the4.co/kalles-html2/html/assets/images/portfolio/p-07.jpg]
[themes.the4.co/kalles-html2/html/assets/images/portfolio/p-09.jpg]
[themes.the4.co/kalles-html2/html/assets/images/portfolio/p-02.jpg]
[themes.the4.co/kalles-html2/html/assets/images/portfolio/p-04.jpg]
[themes.the4.co/kalles-html2/html/assets/images/portfolio/p-06.jpg]
[themes.the4.co/kalles-html2/html/assets/images/portfolio/p-08.jpg]
[themes.the4.co/kalles-html2/html/portfolio-3-columns.html]
[themes.the4.co/kalles-html2/html/portfolio.html]
[themes.the4.co/kalles-html2/html/portfolio-4-columns.html]
[themes.the4.co/kalles-html2/html/assets/images/portfolio/gallery-full-size-01.jpg]
[themes.the4.co/kalles-html2/html/assets/images/portfolio/gallery-02.jpg]
[themes.the4.co/kalles-html2/html/assets/images/portfolio/gallery-03.jpg]
[themes.the4.co/kalles-html2/html/assets/images/portfolio/gallery-04.jpg]
[themes.the4.co/kalles-html2/html/assets/images/portfolio/gallery-05.jpg]
[themes.the4.co/kalles-html2/html/assets/images/portfolio/gallery-06.jpg]
[themes.the4.co/kalles-html2/html/single-portfolio-with-shop.html]
[themes.the4.co/kalles-html2/html/assets/images/single-product/thumb-right/bg-loobook.jpg]
[themes.the4.co/kalles-html2/html/single-portfolio-with-lookbook.html]
[themes.the4.co/kalles-html2/html/single-portfolio-with-instagram-shop.html]
[themes.the4.co/kalles-html2/html/assets/images/blog-page/single-header__bg.jpg]
[themes.the4.co/kalles-html2/html/assets/images/blog-page/blog-slide-01.jpg]
[themes.the4.co/kalles-html2/html/assets/images/blog-page/blog-slide-03.jpg]
[themes.the4.co/kalles-html2/html/assets/images/blog-page/blog-slide-04.jpg]
[themes.the4.co/kalles-html2/html/assets/images/blog-page/user-avatar-02.jpg]
[themes.the4.co/kalles-html2/html/assets/images/blog-page/no-avatar.jfif]
[themes.the4.co/kalles-html2/html/assets/images/blog-page/user-avatar-01.jpg]
[themes.the4.co/kalles-html2/html/blog-post-with-lookbook.html]
[themes.the4.co/kalles-html2/html/lookbook-in-page.html]
[themes.the4.co/kalles-html2/html/assets/images/blog-page/blog-slide-02.jpg]
[themes.the4.co/kalles-html2/html/assets/images/blog-page/blog-slide-05.jpg]
[themes.the4.co/kalles-html2/html/assets/images/blog-page/blog-slide-06.jpg]
[themes.the4.co/kalles-html2/html/blog-grid.html]
[themes.the4.co/kalles-html2/html/assets/images/blog-page/blog-slide-07.jpg]
[themes.the4.co/kalles-html2/html/assets/images/blog-page/blog-slide-08.jpg]
[themes.the4.co/kalles-html2/html/blog-masonry.html]
[themes.the4.co/kalles-html2/html/blog-left-sidebar.html]
[themes.the4.co/kalles-html2/html/blog-right-sidebar.html]
[themes.the4.co/kalles-html2/html/blog-post-with-product-listing.html]
[themes.the4.co/kalles-html2/html/blog-post-with-instagram-shop.html]
[themes.the4.co/kalles-html2/html/wishlist.html]
[themes.the4.co/kalles-html2/html/product-detail-layout-05.html]
[themes.the4.co/kalles-html2/html/assets/7b54bd6d48fbeb19b7bf.svg]
[themes.the4.co/kalles-html2/html/assets/fonts/la-brands-400.svg]
[themes.the4.co/kalles-html2/html/assets/fonts/la-regular-400.svg]
[themes.the4.co/kalles-html2/html/assets/fonts/la-solid-900.svg]
[themes.the4.co/kalles-html2/html/assets/fonts/iconKalles.svg]
[themes.the4.co/kalles-html2/html/assets/fonts/fakalles.svg]
[themes.the4.co/kalles-html2/html/assets/fonts/pe-icon-7-stroke.svg]
[themes.the4.co/kalles-html2/html/assets/ddc34df294044c5e2a78.svg]
[themes.the4.co/kalles-html2/html/assets/2d78c7d810181b13580b.svg]
[themes.the4.co/kalles-html2/html/shop-Infinite-scrolling.html]
[themes.the4.co/kalles-html2/html/assets/images/home-furniture/payment-amazon.svg]
[themes.the4.co/kalles-html2/html/assets/images/home-furniture/payment-litecoin.svg]
[themes.the4.co/kalles-html2/html/assets/images/home-furniture/payment-maestro.svg]
[themes.the4.co/kalles-html2/html/assets/images/home-furniture/payment-paypal.svg]
[themes.the4.co/kalles-html2/html/assets/images/home-furniture/payment-visa.svg]
[themes.the4.co/kalles-html2/html/assets/images/home-furniture/payment-master.svg]
[themes.the4.co/kalles-html2/html/assets/images/home-glasses/payment-01.svg]
[themes.the4.co/kalles-html2/html/assets/images/home-glasses/payment-02.svg]
[themes.the4.co/kalles-html2/html/assets/images/home-glasses/payment-03.svg]
[themes.the4.co/kalles-html2/html/assets/images/home-glasses/payment-04.svg]
[themes.the4.co/kalles-html2/html/assets/images/home-glasses/payment-05.svg]
[themes.the4.co/kalles-html2/html/assets/images/home-glasses/payment-06.svg]
[themes.the4.co/kalles-html2/html/assets/images/home-glasses/payment-07.svg]
[themes.the4.co/kalles-html2/html/assets/images/home-glasses/payment-08.svg]
[themes.the4.co/kalles-html2/html/shop-filter-options.html]
[themes.the4.co/kalles-html2/html/assets/images/home-hand-made/payment-icon-01.svg]
[themes.the4.co/kalles-html2/html/assets/images/home-hand-made/payment-icon-02.svg]
[themes.the4.co/kalles-html2/html/assets/images/home-hand-made/payment-icon-03.svg]
[themes.the4.co/kalles-html2/html/assets/images/home-hand-made/payment-icon-04.svg]
[themes.the4.co/kalles-html2/html/assets/images/home-hand-made/payment-icon-05.svg]
[themes.the4.co/kalles-html2/html/assets/images/home-hand-made/payment-icon-06.svg]
[themes.the4.co/kalles-html2/html/_https_/themes.the4.co/kalles-html/assets/images/home-kids/body-bg.html]
[themes.the4.co/kalles-html2/html/assets/libs/nouislider/nouislider.min.css]
[themes.the4.co/kalles-html2/html/assets/images/shopping-cart/visa.svg]
[themes.the4.co/kalles-html2/html/assets/images/shopping-cart/mastercard.svg]
[themes.the4.co/kalles-html2/html/assets/images/shopping-cart/amex.svg]
[themes.the4.co/kalles-html2/html/assets/images/shopping-cart/discover.svg]
[themes.the4.co/kalles-html2/html/assets/images/shopping-cart/diners.svg]
[themes.the4.co/kalles-html2/html/assets/images/shopping-cart/jcb.svg]
[themes.the4.co/kalles-html2/html/assets/css/magiczoomplus.html]
[themes.the4.co/kalles-html2/html/assets/images/single-product/icon-down.svg]
[s3-us-west-2.amazonaws.com/s.cdpn.io/164071/drift-basic.css]
